Feb  2 07:40:44 cu-cs-vm anacron[766]: Job `cron.daily' terminated
Feb  2 07:40:44 cu-cs-vm anacron[766]: Normal exit (1 job run)
Feb  2 07:44:37 cu-cs-vm uptimed: moving up to position 7: 0 days, 00:10:11
Feb  2 07:47:34 cu-cs-vm dhclient[915]: DHCPREQUEST of 192.168.32.128 on ens33 to 192.168.32.254 port 67 (xid=0x43c1406f)
Feb  2 07:47:34 cu-cs-vm dhclient[915]: DHCPACK of 192.168.32.128 from 192.168.32.254
Feb  2 07:47:42 cu-cs-vm NetworkManager[769]: <info>  [1580654862.7072]   address 192.168.32.128
Feb  2 07:47:42 cu-cs-vm NetworkManager[769]: <info>  [1580654862.7072]   plen 24 (255.255.255.0)
Feb  2 07:47:42 cu-cs-vm NetworkManager[769]: <info>  [1580654862.7072]   gateway 192.168.32.2
Feb  2 07:47:42 cu-cs-vm NetworkManager[769]: <info>  [1580654862.7072]   server identifier 192.168.32.254
Feb  2 07:47:42 cu-cs-vm NetworkManager[769]: <info>  [1580654862.7072]   lease time 1800
Feb  2 07:47:42 cu-cs-vm NetworkManager[769]: <info>  [1580654862.7073]   nameserver '192.168.32.2'
Feb  2 07:47:42 cu-cs-vm NetworkManager[769]: <info>  [1580654862.7073]   domain name 'localdomain'
Feb  2 07:47:42 cu-cs-vm NetworkManager[769]: <info>  [1580654862.7073]   wins '192.168.32.2'
Feb  2 07:47:42 cu-cs-vm NetworkManager[769]: <info>  [1580654862.7427] dhcp4 (ens33): state changed bound -> bound
Feb  2 07:47:43 cu-cs-vm dbus[736]: [system] Activating via systemd: service name='org.freedesktop.nm_dispatcher' unit='dbus-org.freedesktop.nm-dispatcher.service'
Feb  2 07:47:43 cu-cs-vm systemd[1]: Starting Network Manager Script Dispatcher Service...
Feb  2 07:47:43 cu-cs-vm dbus[736]: [system] Successfully activated service 'org.freedesktop.nm_dispatcher'
Feb  2 07:47:43 cu-cs-vm systemd[1]: Started Network Manager Script Dispatcher Service.
Feb  2 07:47:44 cu-cs-vm nm-dispatcher: req:1 'dhcp4-change' [ens33]: new request (1 scripts)
Feb  2 07:47:44 cu-cs-vm nm-dispatcher: req:1 'dhcp4-change' [ens33]: start running ordered scripts...
Feb  2 07:47:44 cu-cs-vm dhclient[915]: bound to 192.168.32.128 -- renewal in 686 seconds.
Feb  2 07:50:01 cu-cs-vm systemd[1]: Starting Cleanup of Temporary Directories...
Feb  2 07:50:02 cu-cs-vm systemd-tmpfiles[88641]: [/usr/lib/tmpfiles.d/var.conf:14] Duplicate line for path "/var/log", ignoring.
Feb  2 07:50:02 cu-cs-vm systemd[1]: Started Cleanup of Temporary Directories.
Feb  2 07:54:37 cu-cs-vm uptimed: moving up to position 6: 0 days, 00:20:11
Feb  2 07:59:09 cu-cs-vm dhclient[915]: DHCPREQUEST of 192.168.32.128 on ens33 to 192.168.32.254 port 67 (xid=0x43c1406f)
Feb  2 07:59:09 cu-cs-vm dhclient[915]: DHCPACK of 192.168.32.128 from 192.168.32.254
Feb  2 07:59:09 cu-cs-vm NetworkManager[769]: <info>  [1580655549.3155]   address 192.168.32.128
Feb  2 07:59:09 cu-cs-vm NetworkManager[769]: <info>  [1580655549.3155]   plen 24 (255.255.255.0)
Feb  2 07:59:09 cu-cs-vm NetworkManager[769]: <info>  [1580655549.3155]   gateway 192.168.32.2
Feb  2 07:59:09 cu-cs-vm NetworkManager[769]: <info>  [1580655549.3155]   server identifier 192.168.32.254
Feb  2 07:59:09 cu-cs-vm NetworkManager[769]: <info>  [1580655549.3155]   lease time 1800
Feb  2 07:59:09 cu-cs-vm NetworkManager[769]: <info>  [1580655549.3155]   nameserver '192.168.32.2'
Feb  2 07:59:09 cu-cs-vm NetworkManager[769]: <info>  [1580655549.3155]   domain name 'localdomain'
Feb  2 07:59:09 cu-cs-vm NetworkManager[769]: <info>  [1580655549.3155]   wins '192.168.32.2'
Feb  2 07:59:09 cu-cs-vm NetworkManager[769]: <info>  [1580655549.3395] dhcp4 (ens33): state changed bound -> bound
Feb  2 07:59:09 cu-cs-vm dbus[736]: [system] Activating via systemd: service name='org.freedesktop.nm_dispatcher' unit='dbus-org.freedesktop.nm-dispatcher.service'
Feb  2 07:59:09 cu-cs-vm systemd[1]: Starting Network Manager Script Dispatcher Service...
Feb  2 07:59:09 cu-cs-vm dhclient[915]: bound to 192.168.32.128 -- renewal in 825 seconds.
Feb  2 07:59:09 cu-cs-vm dbus[736]: [system] Successfully activated service 'org.freedesktop.nm_dispatcher'
Feb  2 07:59:09 cu-cs-vm systemd[1]: Started Network Manager Script Dispatcher Service.
Feb  2 07:59:09 cu-cs-vm nm-dispatcher: req:1 'dhcp4-change' [ens33]: new request (1 scripts)
Feb  2 07:59:09 cu-cs-vm nm-dispatcher: req:1 'dhcp4-change' [ens33]: start running ordered scripts...
Feb  2 08:04:37 cu-cs-vm uptimed: moving up to position 4: 0 days, 00:30:11
Feb  2 08:06:01 cu-cs-vm CRON[99739]: (root) CMD (   test -x /etc/cron.daily/popularity-contest && /etc/cron.daily/popularity-contest --crond)
Feb  2 08:18:26 cu-cs-vm systemd[1]: Time has been changed
Feb  2 08:18:26 cu-cs-vm systemd[1114]: Time has been changed
Feb  2 08:21:04 cu-cs-vm dhclient[915]: DHCPREQUEST of 192.168.32.128 on ens33 to 192.168.32.254 port 67 (xid=0x43c1406f)
Feb  2 08:21:04 cu-cs-vm dhclient[915]: DHCPACK of 192.168.32.128 from 192.168.32.254
Feb  2 08:21:04 cu-cs-vm NetworkManager[769]: <info>  [1580656864.7246]   address 192.168.32.128
Feb  2 08:21:04 cu-cs-vm NetworkManager[769]: <info>  [1580656864.7247]   plen 24 (255.255.255.0)
Feb  2 08:21:04 cu-cs-vm NetworkManager[769]: <info>  [1580656864.7247]   gateway 192.168.32.2
Feb  2 08:21:04 cu-cs-vm NetworkManager[769]: <info>  [1580656864.7247]   server identifier 192.168.32.254
Feb  2 08:21:04 cu-cs-vm NetworkManager[769]: <info>  [1580656864.7247]   lease time 1800
Feb  2 08:21:04 cu-cs-vm NetworkManager[769]: <info>  [1580656864.7248]   nameserver '192.168.32.2'
Feb  2 08:21:04 cu-cs-vm NetworkManager[769]: <info>  [1580656864.7248]   domain name 'localdomain'
Feb  2 08:21:04 cu-cs-vm NetworkManager[769]: <info>  [1580656864.7248]   wins '192.168.32.2'
Feb  2 08:21:04 cu-cs-vm NetworkManager[769]: <info>  [1580656864.8149] dhcp4 (ens33): state changed bound -> bound
Feb  2 08:21:04 cu-cs-vm dbus[736]: [system] Activating via systemd: service name='org.freedesktop.nm_dispatcher' unit='dbus-org.freedesktop.nm-dispatcher.service'
Feb  2 08:21:04 cu-cs-vm systemd[1]: Starting Network Manager Script Dispatcher Service...
Feb  2 08:21:04 cu-cs-vm dbus[736]: [system] Successfully activated service 'org.freedesktop.nm_dispatcher'
Feb  2 08:21:04 cu-cs-vm systemd[1]: Started Network Manager Script Dispatcher Service.
Feb  2 08:21:04 cu-cs-vm nm-dispatcher: req:1 'dhcp4-change' [ens33]: new request (1 scripts)
Feb  2 08:21:04 cu-cs-vm nm-dispatcher: req:1 'dhcp4-change' [ens33]: start running ordered scripts...
Feb  2 08:21:05 cu-cs-vm dhclient[915]: bound to 192.168.32.128 -- renewal in 684 seconds.
Feb  2 08:32:28 cu-cs-vm dhclient[915]: DHCPREQUEST of 192.168.32.128 on ens33 to 192.168.32.254 port 67 (xid=0x43c1406f)
Feb  2 08:32:28 cu-cs-vm dhclient[915]: DHCPACK of 192.168.32.128 from 192.168.32.254
Feb  2 08:32:28 cu-cs-vm NetworkManager[769]: <info>  [1580657548.7963]   address 192.168.32.128
Feb  2 08:32:28 cu-cs-vm NetworkManager[769]: <info>  [1580657548.7964]   plen 24 (255.255.255.0)
Feb  2 08:32:28 cu-cs-vm NetworkManager[769]: <info>  [1580657548.7964]   gateway 192.168.32.2
Feb  2 08:32:28 cu-cs-vm NetworkManager[769]: <info>  [1580657548.7964]   server identifier 192.168.32.254
Feb  2 08:32:28 cu-cs-vm NetworkManager[769]: <info>  [1580657548.7964]   lease time 1800
Feb  2 08:32:28 cu-cs-vm NetworkManager[769]: <info>  [1580657548.7964]   nameserver '192.168.32.2'
Feb  2 08:32:28 cu-cs-vm NetworkManager[769]: <info>  [1580657548.7964]   domain name 'localdomain'
Feb  2 08:32:28 cu-cs-vm NetworkManager[769]: <info>  [1580657548.7964]   wins '192.168.32.2'
Feb  2 08:32:28 cu-cs-vm NetworkManager[769]: <info>  [1580657548.8000] dhcp4 (ens33): state changed bound -> bound
Feb  2 08:32:28 cu-cs-vm dbus[736]: [system] Activating via systemd: service name='org.freedesktop.nm_dispatcher' unit='dbus-org.freedesktop.nm-dispatcher.service'
Feb  2 08:32:28 cu-cs-vm systemd[1]: Starting Network Manager Script Dispatcher Service...
Feb  2 08:32:28 cu-cs-vm dhclient[915]: bound to 192.168.32.128 -- renewal in 850 seconds.
Feb  2 08:32:28 cu-cs-vm dbus[736]: [system] Successfully activated service 'org.freedesktop.nm_dispatcher'
Feb  2 08:32:28 cu-cs-vm systemd[1]: Started Network Manager Script Dispatcher Service.
Feb  2 08:32:28 cu-cs-vm nm-dispatcher: req:1 'dhcp4-change' [ens33]: new request (1 scripts)
Feb  2 08:32:28 cu-cs-vm nm-dispatcher: req:1 'dhcp4-change' [ens33]: start running ordered scripts...
Feb  2 08:46:38 cu-cs-vm dhclient[915]: DHCPREQUEST of 192.168.32.128 on ens33 to 192.168.32.254 port 67 (xid=0x43c1406f)
Feb  2 08:46:38 cu-cs-vm dhclient[915]: DHCPACK of 192.168.32.128 from 192.168.32.254
Feb  2 08:46:38 cu-cs-vm NetworkManager[769]: <info>  [1580658398.7863]   address 192.168.32.128
Feb  2 08:46:38 cu-cs-vm NetworkManager[769]: <info>  [1580658398.8000]   plen 24 (255.255.255.0)
Feb  2 08:46:38 cu-cs-vm NetworkManager[769]: <info>  [1580658398.8000]   gateway 192.168.32.2
Feb  2 08:46:38 cu-cs-vm NetworkManager[769]: <info>  [1580658398.8000]   server identifier 192.168.32.254
Feb  2 08:46:38 cu-cs-vm NetworkManager[769]: <info>  [1580658398.8000]   lease time 1800
Feb  2 08:46:38 cu-cs-vm NetworkManager[769]: <info>  [1580658398.8000]   nameserver '192.168.32.2'
Feb  2 08:46:38 cu-cs-vm NetworkManager[769]: <info>  [1580658398.8001]   domain name 'localdomain'
Feb  2 08:46:38 cu-cs-vm NetworkManager[769]: <info>  [1580658398.8001]   wins '192.168.32.2'
Feb  2 08:46:38 cu-cs-vm NetworkManager[769]: <info>  [1580658398.8020] dhcp4 (ens33): state changed bound -> bound
Feb  2 08:46:38 cu-cs-vm dbus[736]: [system] Activating via systemd: service name='org.freedesktop.nm_dispatcher' unit='dbus-org.freedesktop.nm-dispatcher.service'
Feb  2 08:46:38 cu-cs-vm dhclient[915]: bound to 192.168.32.128 -- renewal in 791 seconds.
Feb  2 08:46:39 cu-cs-vm systemd[1]: Starting Network Manager Script Dispatcher Service...
Feb  2 08:46:39 cu-cs-vm dbus[736]: [system] Successfully activated service 'org.freedesktop.nm_dispatcher'
Feb  2 08:46:39 cu-cs-vm systemd[1]: Started Network Manager Script Dispatcher Service.
Feb  2 08:46:39 cu-cs-vm nm-dispatcher: req:1 'dhcp4-change' [ens33]: new request (1 scripts)
Feb  2 08:46:39 cu-cs-vm nm-dispatcher: req:1 'dhcp4-change' [ens33]: start running ordered scripts...
Feb  2 08:52:47 cu-cs-vm uptimed: moving up to position 3: 0 days, 01:10:11
Feb  2 08:59:56 cu-cs-vm dhclient[915]: DHCPREQUEST of 192.168.32.128 on ens33 to 192.168.32.254 port 67 (xid=0x43c1406f)
Feb  2 08:59:56 cu-cs-vm dhclient[915]: DHCPACK of 192.168.32.128 from 192.168.32.254
Feb  2 08:59:57 cu-cs-vm NetworkManager[769]: <info>  [1580659197.0136]   address 192.168.32.128
Feb  2 08:59:57 cu-cs-vm NetworkManager[769]: <info>  [1580659197.0211]   plen 24 (255.255.255.0)
Feb  2 08:59:57 cu-cs-vm NetworkManager[769]: <info>  [1580659197.0213]   gateway 192.168.32.2
Feb  2 08:59:57 cu-cs-vm NetworkManager[769]: <info>  [1580659197.0214]   server identifier 192.168.32.254
Feb  2 08:59:57 cu-cs-vm NetworkManager[769]: <info>  [1580659197.0215]   lease time 1800
Feb  2 08:59:57 cu-cs-vm NetworkManager[769]: <info>  [1580659197.0216]   nameserver '192.168.32.2'
Feb  2 08:59:57 cu-cs-vm NetworkManager[769]: <info>  [1580659197.0217]   domain name 'localdomain'
Feb  2 08:59:57 cu-cs-vm NetworkManager[769]: <info>  [1580659197.0218]   wins '192.168.32.2'
Feb  2 08:59:57 cu-cs-vm NetworkManager[769]: <info>  [1580659197.0324] dhcp4 (ens33): state changed bound -> bound
Feb  2 08:59:57 cu-cs-vm dbus[736]: [system] Activating via systemd: service name='org.freedesktop.nm_dispatcher' unit='dbus-org.freedesktop.nm-dispatcher.service'
Feb  2 08:59:57 cu-cs-vm systemd[1]: Starting Network Manager Script Dispatcher Service...
Feb  2 08:59:57 cu-cs-vm dbus[736]: [system] Successfully activated service 'org.freedesktop.nm_dispatcher'
Feb  2 08:59:57 cu-cs-vm systemd[1]: Started Network Manager Script Dispatcher Service.
Feb  2 08:59:57 cu-cs-vm nm-dispatcher: req:1 'dhcp4-change' [ens33]: new request (1 scripts)
Feb  2 08:59:57 cu-cs-vm nm-dispatcher: req:1 'dhcp4-change' [ens33]: start running ordered scripts...
Feb  2 08:59:57 cu-cs-vm dhclient[915]: bound to 192.168.32.128 -- renewal in 717 seconds.
Feb  2 09:11:55 cu-cs-vm dhclient[915]: DHCPREQUEST of 192.168.32.128 on ens33 to 192.168.32.254 port 67 (xid=0x43c1406f)
Feb  2 09:11:55 cu-cs-vm dhclient[915]: DHCPACK of 192.168.32.128 from 192.168.32.254
Feb  2 09:11:55 cu-cs-vm NetworkManager[769]: <info>  [1580659915.2824]   address 192.168.32.128
Feb  2 09:11:55 cu-cs-vm NetworkManager[769]: <info>  [1580659915.2824]   plen 24 (255.255.255.0)
Feb  2 09:11:55 cu-cs-vm NetworkManager[769]: <info>  [1580659915.2824]   gateway 192.168.32.2
Feb  2 09:11:55 cu-cs-vm NetworkManager[769]: <info>  [1580659915.2824]   server identifier 192.168.32.254
Feb  2 09:11:55 cu-cs-vm NetworkManager[769]: <info>  [1580659915.2824]   lease time 1800
Feb  2 09:11:55 cu-cs-vm NetworkManager[769]: <info>  [1580659915.2824]   nameserver '192.168.32.2'
Feb  2 09:11:55 cu-cs-vm NetworkManager[769]: <info>  [1580659915.2824]   domain name 'localdomain'
Feb  2 09:11:55 cu-cs-vm NetworkManager[769]: <info>  [1580659915.2825]   wins '192.168.32.2'
Feb  2 09:11:55 cu-cs-vm NetworkManager[769]: <info>  [1580659915.2825] dhcp4 (ens33): state changed bound -> bound
Feb  2 09:11:55 cu-cs-vm dbus[736]: [system] Activating via systemd: service name='org.freedesktop.nm_dispatcher' unit='dbus-org.freedesktop.nm-dispatcher.service'
Feb  2 09:11:55 cu-cs-vm systemd[1]: Starting Network Manager Script Dispatcher Service...
Feb  2 09:11:55 cu-cs-vm dhclient[915]: bound to 192.168.32.128 -- renewal in 853 seconds.
Feb  2 09:11:55 cu-cs-vm dbus[736]: [system] Successfully activated service 'org.freedesktop.nm_dispatcher'
Feb  2 09:11:55 cu-cs-vm systemd[1]: Started Network Manager Script Dispatcher Service.
Feb  2 09:11:55 cu-cs-vm nm-dispatcher: req:1 'dhcp4-change' [ens33]: new request (1 scripts)
Feb  2 09:11:55 cu-cs-vm nm-dispatcher: req:1 'dhcp4-change' [ens33]: start running ordered scripts...
Feb  2 09:12:47 cu-cs-vm uptimed: moving up to position 2: 0 days, 01:30:11
Feb  2 09:17:01 cu-cs-vm CRON[122281]: (root) CMD (   cd / && run-parts --report /etc/cron.hourly)
Feb  2 09:17:35 cu-cs-vm systemd[1]: Starting Daily apt download activities...
Feb  2 09:20:07 cu-cs-vm kernel: [ 5850.842005] SGI XFS with ACLs, security attributes, realtime, no debug enabled
Feb  2 09:20:07 cu-cs-vm kernel: [ 5850.882075] JFS: nTxBlock = 8192, nTxLock = 65536
Feb  2 09:20:07 cu-cs-vm kernel: [ 5850.952735] ntfs: driver 2.1.32 [Flags: R/O MODULE].
Feb  2 09:20:07 cu-cs-vm kernel: [ 5851.094139] QNX4 filesystem 0.2.3 registered.
Feb  2 09:20:07 cu-cs-vm kernel: [ 5851.161206] raid6: sse2x1   gen() 11627 MB/s
Feb  2 09:20:07 cu-cs-vm kernel: [ 5851.209211] raid6: sse2x1   xor()  9020 MB/s
Feb  2 09:20:07 cu-cs-vm kernel: [ 5851.257216] raid6: sse2x2   gen() 14826 MB/s
Feb  2 09:20:07 cu-cs-vm kernel: [ 5851.305218] raid6: sse2x2   xor()  9911 MB/s
Feb  2 09:20:07 cu-cs-vm kernel: [ 5851.353227] raid6: sse2x4   gen() 17028 MB/s
Feb  2 09:20:07 cu-cs-vm kernel: [ 5851.401226] raid6: sse2x4   xor() 11708 MB/s
Feb  2 09:20:07 cu-cs-vm kernel: [ 5851.449227] raid6: avx2x1   gen() 22800 MB/s
Feb  2 09:20:08 cu-cs-vm kernel: [ 5851.497234] raid6: avx2x1   xor() 17030 MB/s
Feb  2 09:20:08 cu-cs-vm kernel: [ 5851.545235] raid6: avx2x2   gen() 25826 MB/s
Feb  2 09:20:08 cu-cs-vm kernel: [ 5851.593236] raid6: avx2x2   xor() 17800 MB/s
Feb  2 09:20:08 cu-cs-vm kernel: [ 5851.641243] raid6: avx2x4   gen() 30423 MB/s
Feb  2 09:20:08 cu-cs-vm kernel: [ 5851.689244] raid6: avx2x4   xor() 21629 MB/s
Feb  2 09:20:08 cu-cs-vm kernel: [ 5851.689245] raid6: using algorithm avx2x4 gen() 30423 MB/s
Feb  2 09:20:08 cu-cs-vm kernel: [ 5851.689245] raid6: .... xor() 21629 MB/s, rmw enabled
Feb  2 09:20:08 cu-cs-vm kernel: [ 5851.689246] raid6: using avx2x2 recovery algorithm
Feb  2 09:20:08 cu-cs-vm kernel: [ 5851.704487] xor: automatically using best checksumming function   avx       
Feb  2 09:20:08 cu-cs-vm kernel: [ 5851.749131] Btrfs loaded, crc32c=crc32c-intel
Feb  2 09:20:08 cu-cs-vm os-prober: debug: /dev/sda2: DOS extended partition; skipping
Feb  2 09:20:08 cu-cs-vm os-prober: debug: /dev/sda5: is active swap
Feb  2 09:23:24 cu-cs-vm systemd[1]: Stopping User Manager for UID 1000...
Feb  2 09:23:24 cu-cs-vm systemd[1]: Stopping ACPI event daemon...
Feb  2 09:23:24 cu-cs-vm systemd[1]: Stopping Daemon for generating UUIDs...
Feb  2 09:23:24 cu-cs-vm systemd[1]: Stopping RealtimeKit Scheduling Policy Service...
Feb  2 09:23:24 cu-cs-vm systemd[1]: Stopping Authentication service for virtual machines hosted on VMware...
Feb  2 09:23:24 cu-cs-vm systemd[1]: Stopping Daemon for power management...
Feb  2 09:23:24 cu-cs-vm systemd[1]: Stopped target Timers.
Feb  2 09:23:24 cu-cs-vm systemd[1]: Stopped Daily apt upgrade and clean activities.
Feb  2 09:23:24 cu-cs-vm systemd[1]: Stopping Service for virtual machines hosted on VMware...
Feb  2 09:23:24 cu-cs-vm systemd[1]: Stopping Session c1 of user user.
Feb  2 09:23:24 cu-cs-vm systemd[1]: Stopped Daily Cleanup of Temporary Directories.
Feb  2 09:23:24 cu-cs-vm systemd[1]: Stopping Authenticate and Authorize Users to Run Privileged Tasks...
Feb  2 09:23:24 cu-cs-vm systemd[1]: Stopping Disk Manager...
Feb  2 09:23:24 cu-cs-vm systemd[1]: Stopped target Graphical Interface.
Feb  2 09:23:24 cu-cs-vm systemd[1]: Stopped target Multi-User System.
Feb  2 09:23:24 cu-cs-vm systemd[1]: Stopping Make remote CUPS printers available locally...
Feb  2 09:23:24 cu-cs-vm systemd[1]: Stopping crash report submission daemon...
Feb  2 09:23:24 cu-cs-vm systemd[1]: Stopped target Login Prompts.
Feb  2 09:23:24 cu-cs-vm systemd[1]: Stopping Getty on tty1...
Feb  2 09:23:24 cu-cs-vm systemd[1]: Stopping System Logging Service...
Feb  2 09:23:24 cu-cs-vm systemd[1]: Stopped Wait until snapd is fully seeded.
Feb  2 09:23:24 cu-cs-vm systemd[1]: Stopping Regular background program processing daemon...
Feb  2 09:23:24 cu-cs-vm systemd[1]: Stopped Initialize hardware monitoring sensors.
Feb  2 09:23:24 cu-cs-vm systemd[1]: Stopping OpenBSD Secure Shell server...
Feb  2 09:23:24 cu-cs-vm systemd[1]: Stopping uptime record daemon...
Feb  2 09:23:24 cu-cs-vm systemd[1]: Stopping Snappy daemon...
Feb  2 09:23:24 cu-cs-vm systemd[1]: Stopping LSB: Record successful boot for GRUB...
Feb  2 09:23:24 cu-cs-vm systemd[1]: Stopping Accounts Service...
Feb  2 09:23:24 cu-cs-vm systemd[1]: Stopping LSB: daemon to balance interrupts for SMP systems...
Feb  2 09:23:24 cu-cs-vm systemd[1]: Stopping LSB: automatic crash report generation...
Feb  2 09:23:24 cu-cs-vm systemd[1]: Stopping LSB: Set the CPU Frequency Scaling governor to "ondemand"...
Feb  2 09:23:24 cu-cs-vm systemd[1]: Stopping Light Display Manager...
Feb  2 09:23:24 cu-cs-vm systemd[1]: Stopping LSB: disk temperature monitoring daemon...
Feb  2 09:23:24 cu-cs-vm systemd[1]: Stopping LSB: Load kernel image with kexec...
Feb  2 09:23:24 cu-cs-vm systemd[1]: Stopping LSB: Speech Dispatcher...
Feb  2 09:23:24 cu-cs-vm systemd[1]: Closed Load/Save RF Kill Switch Status /dev/rfkill Watch.
Feb  2 09:23:24 cu-cs-vm systemd[1]: Stopping Unattended Upgrades Shutdown...
Feb  2 09:23:24 cu-cs-vm systemd[1]: Stopped Regular background program processing daemon.
Feb  2 09:23:24 cu-cs-vm systemd[1]: Stopped Getty on tty1.
Feb  2 09:23:24 cu-cs-vm systemd[1]: Stopped ACPI event daemon.
Feb  2 09:23:24 cu-cs-vm systemd[1]: Stopped Authenticate and Authorize Users to Run Privileged Tasks.
Feb  2 09:23:24 cu-cs-vm systemd[1]: Stopped RealtimeKit Scheduling Policy Service.
Feb  2 09:23:24 cu-cs-vm systemd[1]: Stopped Daemon for power management.
Feb  2 09:23:24 cu-cs-vm systemd[1]: Stopped Disk Manager.
Feb  2 09:23:24 cu-cs-vm systemd[1]: Stopped Daemon for generating UUIDs.
Feb  2 09:23:24 cu-cs-vm systemd[1]: Stopped Daily apt download activities.
Feb  2 09:23:24 cu-cs-vm systemd[1]: Stopped Daily apt download activities.
Feb  2 09:23:24 cu-cs-vm systemd[1]: Stopped target System Time Synchronized.
Feb  2 09:23:24 cu-cs-vm systemd[1]: Removed slice system-getty.slice.
Feb  2 09:23:24 cu-cs-vm systemd[1]: Stopped /etc/rc.local Compatibility.
Feb  2 09:23:24 cu-cs-vm VGAuthService[729]: ** Message: Processing SIGTERM; service exiting
Feb  2 09:23:24 cu-cs-vm systemd[1114]: Reached target Shutdown.
Feb  2 09:23:24 cu-cs-vm systemd[1114]: Stopped target Default.
Feb  2 09:23:24 cu-cs-vm systemd[1114]: Stopped target Basic System.
Feb  2 09:23:24 cu-cs-vm systemd[1114]: Stopped target Timers.
Feb  2 09:23:24 cu-cs-vm systemd[1114]: Stopped target Paths.
Feb  2 09:23:24 cu-cs-vm systemd[1114]: Stopped target Sockets.
Feb  2 09:23:24 cu-cs-vm systemd[1114]: Starting Exit the Session...
Feb  2 07:39:46 cu-cs-vm rsyslogd: [origin software="rsyslogd" swVersion="8.16.0" x-pid="776" x-info="http://www.rsyslog.com"] rsyslogd was HUPed
Feb  2 09:23:27 cu-cs-vm rsyslogd: [origin software="rsyslogd" swVersion="8.16.0" x-pid="776" x-info="http://www.rsyslog.com"] exiting on signal 15.
Feb  2 09:24:06 cu-cs-vm rsyslogd: [origin software="rsyslogd" swVersion="8.16.0" x-pid="717" x-info="http://www.rsyslog.com"] start
Feb  2 09:24:06 cu-cs-vm rsyslogd-2222: command 'KLogPermitNonKernelFacility' is currently not permitted - did you already set it via a RainerScript command (v6+ config)? [v8.16.0 try http://www.rsyslog.com/e/2222 ]
Feb  2 09:24:06 cu-cs-vm rsyslogd: rsyslogd's groupid changed to 108
Feb  2 09:24:06 cu-cs-vm rsyslogd: rsyslogd's userid changed to 104
Feb  2 09:24:06 cu-cs-vm systemd-modules-load[326]: Inserted module 'lp'
Feb  2 09:24:06 cu-cs-vm systemd-modules-load[326]: Inserted module 'ppdev'
Feb  2 09:24:06 cu-cs-vm systemd-modules-load[326]: Inserted module 'parport_pc'
Feb  2 09:24:06 cu-cs-vm systemd-modules-load[326]: Module 'fuse' is builtin
Feb  2 09:24:06 cu-cs-vm systemd[1]: Started Create Static Device Nodes in /dev.
Feb  2 09:24:06 cu-cs-vm systemd[1]: Starting udev Kernel Device Manager...
Feb  2 09:24:06 cu-cs-vm systemd[1]: Started Apply Kernel Variables.
Feb  2 09:24:06 cu-cs-vm loadkeys[325]: Loading /etc/console-setup/cached.kmap.gz
Feb  2 09:24:06 cu-cs-vm rsyslogd-2039: Could not open output pipe '/dev/xconsole':: No such file or directory [v8.16.0 try http://www.rsyslog.com/e/2039 ]
Feb  2 09:24:06 cu-cs-vm systemd[1]: Started Set console keymap.
Feb  2 09:24:06 cu-cs-vm systemd[1]: Mounted VMware vmblock fuse mount.
Feb  2 09:24:06 cu-cs-vm systemd[1]: Started udev Kernel Device Manager.
Feb  2 09:24:06 cu-cs-vm systemd[1]: Starting Remount Root and Kernel File Systems...
Feb  2 09:24:06 cu-cs-vm rsyslogd-2007: action 'action 10' suspended, next retry is Sun Feb  2 09:24:36 2020 [v8.16.0 try http://www.rsyslog.com/e/2007 ]
Feb  2 09:24:06 cu-cs-vm systemd[1]: Started Remount Root and Kernel File Systems.
Feb  2 09:24:06 cu-cs-vm systemd[1]: Starting udev Coldplug all Devices...
Feb  2 09:24:06 cu-cs-vm systemd[1]: Starting Load/Save Random Seed...
Feb  2 09:24:06 cu-cs-vm systemd[1]: Starting Flush Journal to Persistent Storage...
Feb  2 09:24:06 cu-cs-vm systemd[1]: Reached target Local File Systems (Pre).
Feb  2 09:24:06 cu-cs-vm systemd[1]: Reached target Local File Systems.
Feb  2 09:24:06 cu-cs-vm systemd[1]: Starting Set console font and keymap...
Feb  2 09:24:06 cu-cs-vm systemd[1]: Starting Tell Plymouth To Write Out Runtime Data...
Feb  2 09:24:06 cu-cs-vm systemd[1]: Starting LSB: AppArmor initialization...
Feb  2 09:24:06 cu-cs-vm systemd[1]: Started Service for virtual machines hosted on VMware.
Feb  2 09:24:06 cu-cs-vm systemd[1]: Starting Enable support for additional executable binary formats...
Feb  2 09:24:06 cu-cs-vm systemd[1]: Started Load/Save Random Seed.
Feb  2 09:24:06 cu-cs-vm systemd[1]: Started Flush Journal to Persistent Storage.
Feb  2 09:24:06 cu-cs-vm systemd[1]: Starting Create Volatile Files and Directories...
Feb  2 09:24:06 cu-cs-vm systemd-tmpfiles[424]: [/usr/lib/tmpfiles.d/var.conf:14] Duplicate line for path "/var/log", ignoring.
Feb  2 09:24:06 cu-cs-vm systemd[1]: Started udev Coldplug all Devices.
Feb  2 09:24:06 cu-cs-vm systemd[1]: Started Dispatch Password Requests to Console Directory Watch.
Feb  2 09:24:06 cu-cs-vm systemd[1]: proc-sys-fs-binfmt_misc.automount: Got automount request for /proc/sys/fs/binfmt_misc, triggered by 401 (update-binfmts)
Feb  2 09:24:06 cu-cs-vm systemd[1]: Mounting Arbitrary Executable File Formats File System...
Feb  2 09:24:06 cu-cs-vm systemd[1]: Started Create Volatile Files and Directories.
Feb  2 09:24:06 cu-cs-vm systemd[1]: Starting Update UTMP about System Boot/Shutdown...
Feb  2 09:24:06 cu-cs-vm systemd[1]: Starting Network Time Synchronization...
Feb  2 09:24:06 cu-cs-vm systemd[1]: Started Tell Plymouth To Write Out Runtime Data.
Feb  2 09:24:06 cu-cs-vm systemd[1]: Mounted Arbitrary Executable File Formats File System.
Feb  2 09:24:06 cu-cs-vm systemd[1]: Started Network Time Synchronization.
Feb  2 09:24:06 cu-cs-vm systemd[1]: Reached target System Time Synchronized.
Feb  2 09:24:06 cu-cs-vm systemd[1]: Started Update UTMP about System Boot/Shutdown.
Feb  2 09:24:06 cu-cs-vm systemd[1]: Started Enable support for additional executable binary formats.
Feb  2 09:24:06 cu-cs-vm apparmor[399]:  * Starting AppArmor profiles
Feb  2 09:24:06 cu-cs-vm systemd[1]: Started Set console font and keymap.
Feb  2 09:24:06 cu-cs-vm systemd[1]: Created slice system-getty.slice.
Feb  2 09:24:06 cu-cs-vm systemd[1]: Listening on Load/Save RF Kill Switch Status /dev/rfkill Watch.
Feb  2 09:24:06 cu-cs-vm mtp-probe: checking bus 1, device 2: "/sys/devices/pci0000:00/0000:00:11.0/0000:02:02.0/usb1/1-1"
Feb  2 09:24:06 cu-cs-vm mtp-probe: checking bus 2, device 2: "/sys/devices/pci0000:00/0000:00:11.0/0000:02:00.0/usb2/2-1"
Feb  2 09:24:06 cu-cs-vm mtp-probe: bus: 1, device: 2 was not an MTP device
Feb  2 09:24:06 cu-cs-vm kernel: [    0.000000] Linux version 4.15.18sssst (root@cu-cs-vm) (gcc version 5.4.0 20160609 (Ubuntu 5.4.0-6ubuntu1~16.04.10)) #1 SMP Sun Feb 2 07:38:36 MST 2020 (Ubuntu 4.15.0-33.36~16.04.1-generic 4.15.18)
Feb  2 09:24:06 cu-cs-vm kernel: [    0.000000] Command line: BOOT_IMAGE=/boot/vmlinuz-4.15.18sssst root=UUID=a7adc8c1-e02a-478b-93ad-c06e060e0176 ro
Feb  2 09:24:06 cu-cs-vm kernel: [    0.000000] KERNEL supported cpus:
Feb  2 09:24:06 cu-cs-vm kernel: [    0.000000]   Intel GenuineIntel
Feb  2 09:24:06 cu-cs-vm kernel: [    0.000000]   AMD AuthenticAMD
Feb  2 09:24:06 cu-cs-vm kernel: [    0.000000]   Centaur CentaurHauls
Feb  2 09:24:06 cu-cs-vm kernel: [    0.000000] Disabled fast string operations
Feb  2 09:24:06 cu-cs-vm kernel: [    0.000000] x86/fpu: Supporting XSAVE feature 0x001: 'x87 floating point registers'
Feb  2 09:24:06 cu-cs-vm kernel: [    0.000000] x86/fpu: Supporting XSAVE feature 0x002: 'SSE registers'
Feb  2 09:24:06 cu-cs-vm kernel: [    0.000000] x86/fpu: Supporting XSAVE feature 0x004: 'AVX registers'
Feb  2 09:24:06 cu-cs-vm mtp-probe: bus: 2, device: 2 was not an MTP device
Feb  2 09:24:06 cu-cs-vm kernel: [    0.000000] x86/fpu: xstate_offset[2]:  576, xstate_sizes[2]:  256
Feb  2 09:24:06 cu-cs-vm kernel: [    0.000000] x86/fpu: Enabled xstate features 0x7, context size is 832 bytes, using 'standard' format.
Feb  2 09:24:06 cu-cs-vm kernel: [    0.000000] e820: BIOS-provided physical RAM map:
Feb  2 09:24:06 cu-cs-vm kernel: [    0.000000] BIOS-e820: [mem 0x0000000000000000-0x000000000009e7ff] usable
Feb  2 09:24:06 cu-cs-vm kernel: [    0.000000] BIOS-e820: [mem 0x000000000009e800-0x000000000009ffff] reserved
Feb  2 09:24:06 cu-cs-vm kernel: [    0.000000] BIOS-e820: [mem 0x00000000000dc000-0x00000000000fffff] reserved
Feb  2 09:24:06 cu-cs-vm apparmor[399]: Skipping profile in /etc/apparmor.d/disable: usr.bin.firefox
Feb  2 09:24:06 cu-cs-vm kernel: [    0.000000] BIOS-e820: [mem 0x0000000000100000-0x000000007fedffff] usable
Feb  2 09:24:06 cu-cs-vm kernel: [    0.000000] BIOS-e820: [mem 0x000000007fee0000-0x000000007fefefff] ACPI data
Feb  2 09:24:06 cu-cs-vm kernel: [    0.000000] BIOS-e820: [mem 0x000000007feff000-0x000000007fefffff] ACPI NVS
Feb  2 09:24:06 cu-cs-vm kernel: [    0.000000] BIOS-e820: [mem 0x000000007ff00000-0x000000007fffffff] usable
Feb  2 09:24:06 cu-cs-vm systemd[1]: Found device VMware_Virtual_S 5.
Feb  2 09:24:06 cu-cs-vm kernel: [    0.000000] BIOS-e820: [mem 0x00000000f0000000-0x00000000f7ffffff] reserved
Feb  2 09:24:06 cu-cs-vm kernel: [    0.000000] BIOS-e820: [mem 0x00000000fec00000-0x00000000fec0ffff] reserved
Feb  2 09:24:06 cu-cs-vm systemd[1]: Activating swap /dev/disk/by-uuid/4f6f25d8-6004-459b-b46c-f0f3c3d0de9b...
Feb  2 09:24:06 cu-cs-vm kernel: [    0.000000] BIOS-e820: [mem 0x00000000fee00000-0x00000000fee00fff] reserved
Feb  2 09:24:06 cu-cs-vm kernel: [    0.000000] BIOS-e820: [mem 0x00000000fffe0000-0x00000000ffffffff] reserved
Feb  2 09:24:06 cu-cs-vm kernel: [    0.000000] NX (Execute Disable) protection: active
Feb  2 09:24:06 cu-cs-vm kernel: [    0.000000] SMBIOS 2.7 present.
Feb  2 09:24:06 cu-cs-vm kernel: [    0.000000] DMI: VMware, Inc. VMware Virtual Platform/440BX Desktop Reference Platform, BIOS 6.00 07/29/2019
Feb  2 09:24:06 cu-cs-vm kernel: [    0.000000] Hypervisor detected: VMware
Feb  2 09:24:06 cu-cs-vm kernel: [    0.000000] vmware: TSC freq read from hypervisor : 3392.247 MHz
Feb  2 09:24:06 cu-cs-vm kernel: [    0.000000] vmware: Host bus clock speed read from hypervisor : 66000000 Hz
Feb  2 09:24:06 cu-cs-vm apparmor[399]: Skipping profile in /etc/apparmor.d/disable: usr.sbin.rsyslogd
Feb  2 09:24:06 cu-cs-vm kernel: [    0.000000] vmware: using sched offset of 23200774352 ns
Feb  2 09:24:06 cu-cs-vm kernel: [    0.000000] e820: update [mem 0x00000000-0x00000fff] usable ==> reserved
Feb  2 09:24:06 cu-cs-vm kernel: [    0.000000] e820: remove [mem 0x000a0000-0x000fffff] usable
Feb  2 09:24:06 cu-cs-vm systemd[1]: Activated swap /dev/disk/by-uuid/4f6f25d8-6004-459b-b46c-f0f3c3d0de9b.
Feb  2 09:24:06 cu-cs-vm kernel: [    0.000000] e820: last_pfn = 0x80000 max_arch_pfn = 0x400000000
Feb  2 09:24:06 cu-cs-vm kernel: [    0.000000] MTRR default type: uncachable
Feb  2 09:24:06 cu-cs-vm kernel: [    0.000000] MTRR fixed ranges enabled:
Feb  2 09:24:06 cu-cs-vm kernel: [    0.000000]   00000-9FFFF write-back
Feb  2 09:24:06 cu-cs-vm kernel: [    0.000000]   A0000-BFFFF uncachable
Feb  2 09:24:06 cu-cs-vm kernel: [    0.000000]   C0000-C7FFF write-protect
Feb  2 09:24:06 cu-cs-vm systemd[1]: Reached target Swap.
Feb  2 09:24:06 cu-cs-vm kernel: [    0.000000]   C8000-CBFFF write-back
Feb  2 09:24:06 cu-cs-vm kernel: [    0.000000]   CC000-EFFFF uncachable
Feb  2 09:24:06 cu-cs-vm kernel: [    0.000000]   F0000-FFFFF write-protect
Feb  2 09:24:06 cu-cs-vm apparmor[399]:    ...done.
Feb  2 09:24:06 cu-cs-vm kernel: [    0.000000] MTRR variable ranges enabled:
Feb  2 09:24:06 cu-cs-vm kernel: [    0.000000]   0 base 00000000000 mask 7FF00000000 write-back
Feb  2 09:24:06 cu-cs-vm kernel: [    0.000000]   1 base 000C0000000 mask 7FFC0000000 uncachable
Feb  2 09:24:06 cu-cs-vm systemd[1]: Started LSB: AppArmor initialization.
Feb  2 09:24:06 cu-cs-vm kernel: [    0.000000]   2 disabled
Feb  2 09:24:06 cu-cs-vm kernel: [    0.000000]   3 disabled
Feb  2 09:24:06 cu-cs-vm kernel: [    0.000000]   4 disabled
Feb  2 09:24:06 cu-cs-vm kernel: [    0.000000]   5 disabled
Feb  2 09:24:06 cu-cs-vm kernel: [    0.000000]   6 disabled
Feb  2 09:24:06 cu-cs-vm kernel: [    0.000000]   7 disabled
Feb  2 09:24:06 cu-cs-vm systemd[1]: Reached target System Initialization.
Feb  2 09:24:06 cu-cs-vm kernel: [    0.000000] x86/PAT: Configuration [0-7]: WB  WC  UC- UC  WB  WP  UC- WT  
Feb  2 09:24:06 cu-cs-vm kernel: [    0.000000] total RAM covered: 3072M
Feb  2 09:24:06 cu-cs-vm kernel: [    0.000000] Found optimal setting for mtrr clean up
Feb  2 09:24:06 cu-cs-vm kernel: [    0.000000]  gran_size: 64K 	chunk_size: 64K 	num_reg: 2  	lose cover RAM: 0G
Feb  2 09:24:06 cu-cs-vm kernel: [    0.000000] found SMP MP-table at [mem 0x000f6a70-0x000f6a7f]
Feb  2 09:24:06 cu-cs-vm systemd[1]: Starting Socket activation for snappy daemon.
Feb  2 09:24:06 cu-cs-vm kernel: [    0.000000] Scanning 1 areas for low memory corruption
Feb  2 09:24:06 cu-cs-vm kernel: [    0.000000] Using GB pages for direct mapping
Feb  2 09:24:06 cu-cs-vm systemd[1]: Listening on UUID daemon activation socket.
Feb  2 09:24:06 cu-cs-vm kernel: [    0.000000] BRK [0x5b58f000, 0x5b58ffff] PGTABLE
Feb  2 09:24:06 cu-cs-vm kernel: [    0.000000] BRK [0x5b590000, 0x5b590fff] PGTABLE
Feb  2 09:24:06 cu-cs-vm kernel: [    0.000000] BRK [0x5b591000, 0x5b591fff] PGTABLE
Feb  2 09:24:06 cu-cs-vm kernel: [    0.000000] BRK [0x5b592000, 0x5b592fff] PGTABLE
Feb  2 09:24:06 cu-cs-vm systemd[1]: Listening on ACPID Listen Socket.
Feb  2 09:24:06 cu-cs-vm kernel: [    0.000000] BRK [0x5b593000, 0x5b593fff] PGTABLE
Feb  2 09:24:06 cu-cs-vm kernel: [    0.000000] BRK [0x5b594000, 0x5b594fff] PGTABLE
Feb  2 09:24:06 cu-cs-vm kernel: [    0.000000] RAMDISK: [mem 0x1cfa8000-0x37feffff]
Feb  2 09:24:06 cu-cs-vm kernel: [    0.000000] ACPI: Early table checksum verification disabled
Feb  2 09:24:06 cu-cs-vm kernel: [    0.000000] ACPI: RSDP 0x00000000000F6A00 000024 (v02 PTLTD )
Feb  2 09:24:06 cu-cs-vm kernel: [    0.000000] ACPI: XSDT 0x000000007FEE969F 000054 (v01 INTEL  440BX    06040000 VMW  01324272)
Feb  2 09:24:06 cu-cs-vm systemd[1]: Started CUPS Scheduler.
Feb  2 09:24:06 cu-cs-vm kernel: [    0.000000] ACPI: FACP 0x000000007FEFEE73 0000F4 (v04 INTEL  440BX    06040000 PTL  000F4240)
Feb  2 09:24:06 cu-cs-vm kernel: [    0.000000] ACPI: DSDT 0x000000007FEEAD55 01411E (v01 PTLTD  Custom   06040000 MSFT 03000001)
Feb  2 09:24:06 cu-cs-vm systemd[1]: Listening on Avahi mDNS/DNS-SD Stack Activation Socket.
Feb  2 09:24:06 cu-cs-vm kernel: [    0.000000] ACPI: FACS 0x000000007FEFFFC0 000040
Feb  2 09:24:06 cu-cs-vm kernel: [    0.000000] ACPI: FACS 0x000000007FEFFFC0 000040
Feb  2 09:24:06 cu-cs-vm kernel: [    0.000000] ACPI: BOOT 0x000000007FEEAD2D 000028 (v01 PTLTD  $SBFTBL$ 06040000  LTP 00000001)
Feb  2 09:24:06 cu-cs-vm kernel: [    0.000000] ACPI: APIC 0x000000007FEEA5EB 000742 (v01 PTLTD  ? APIC   06040000  LTP 00000000)
Feb  2 09:24:06 cu-cs-vm kernel: [    0.000000] ACPI: MCFG 0x000000007FEEA5AF 00003C (v01 PTLTD  $PCITBL$ 06040000  LTP 00000001)
Feb  2 09:24:06 cu-cs-vm kernel: [    0.000000] ACPI: SRAT 0x000000007FEE9757 0008A8 (v02 VMWARE MEMPLUG  06040000 VMW  00000001)
Feb  2 09:24:06 cu-cs-vm kernel: [    0.000000] ACPI: WAET 0x000000007FEE972F 000028 (v01 VMWARE VMW WAET 06040000 VMW  00000001)
Feb  2 09:24:06 cu-cs-vm systemd[1]: Started ACPI Events Check.
Feb  2 09:24:06 cu-cs-vm kernel: [    0.000000] ACPI: Local APIC address 0xfee00000
Feb  2 09:24:06 cu-cs-vm kernel: [    0.000000] system APIC only can use physical flat
Feb  2 09:24:06 cu-cs-vm kernel: [    0.000000] Setting APIC routing to physical flat.
Feb  2 09:24:06 cu-cs-vm systemd[1]: Reached target Paths.
Feb  2 09:24:06 cu-cs-vm kernel: [    0.000000] SRAT: PXM 0 -> APIC 0x00 -> Node 0
Feb  2 09:24:06 cu-cs-vm kernel: [    0.000000] SRAT: PXM 0 -> APIC 0x02 -> Node 0
Feb  2 09:24:06 cu-cs-vm kernel: [    0.000000] SRAT: PXM 0 -> APIC 0x04 -> Node 0
Feb  2 09:24:06 cu-cs-vm kernel: [    0.000000] SRAT: PXM 0 -> APIC 0x06 -> Node 0
Feb  2 09:24:06 cu-cs-vm kernel: [    0.000000] SRAT: PXM 0 -> APIC 0x08 -> Node 0
Feb  2 09:24:06 cu-cs-vm systemd[1]: Listening on CUPS Scheduler.
Feb  2 09:24:06 cu-cs-vm kernel: [    0.000000] SRAT: PXM 0 -> APIC 0x0a -> Node 0
Feb  2 09:24:06 cu-cs-vm kernel: [    0.000000] SRAT: PXM 0 -> APIC 0x0c -> Node 0
Feb  2 09:24:06 cu-cs-vm kernel: [    0.000000] SRAT: PXM 0 -> APIC 0x0e -> Node 0
Feb  2 09:24:06 cu-cs-vm systemd[1]: Listening on D-Bus System Message Bus Socket.
Feb  2 09:24:06 cu-cs-vm kernel: [    0.000000] SRAT: PXM 0 -> APIC 0x10 -> Node 0
Feb  2 09:24:06 cu-cs-vm kernel: [    0.000000] SRAT: PXM 0 -> APIC 0x12 -> Node 0
Feb  2 09:24:06 cu-cs-vm kernel: [    0.000000] SRAT: PXM 0 -> APIC 0x14 -> Node 0
Feb  2 09:24:06 cu-cs-vm kernel: [    0.000000] SRAT: PXM 0 -> APIC 0x16 -> Node 0
Feb  2 09:24:06 cu-cs-vm systemd[1]: Started Daily apt download activities.
Feb  2 09:24:06 cu-cs-vm kernel: [    0.000000] SRAT: PXM 0 -> APIC 0x18 -> Node 0
Feb  2 09:24:06 cu-cs-vm kernel: [    0.000000] SRAT: PXM 0 -> APIC 0x1a -> Node 0
Feb  2 09:24:06 cu-cs-vm kernel: [    0.000000] SRAT: PXM 0 -> APIC 0x1c -> Node 0
Feb  2 09:24:06 cu-cs-vm kernel: [    0.000000] SRAT: PXM 0 -> APIC 0x1e -> Node 0
Feb  2 09:24:06 cu-cs-vm kernel: [    0.000000] SRAT: PXM 0 -> APIC 0x20 -> Node 0
Feb  2 09:24:06 cu-cs-vm systemd[1]: Started Daily apt upgrade and clean activities.
Feb  2 09:24:06 cu-cs-vm kernel: [    0.000000] SRAT: PXM 0 -> APIC 0x22 -> Node 0
Feb  2 09:24:06 cu-cs-vm kernel: [    0.000000] SRAT: PXM 0 -> APIC 0x24 -> Node 0
Feb  2 09:24:06 cu-cs-vm kernel: [    0.000000] SRAT: PXM 0 -> APIC 0x26 -> Node 0
Feb  2 09:24:06 cu-cs-vm kernel: [    0.000000] SRAT: PXM 0 -> APIC 0x28 -> Node 0
Feb  2 09:24:06 cu-cs-vm kernel: [    0.000000] SRAT: PXM 0 -> APIC 0x2a -> Node 0
Feb  2 09:24:06 cu-cs-vm kernel: [    0.000000] SRAT: PXM 0 -> APIC 0x2c -> Node 0
Feb  2 09:24:06 cu-cs-vm systemd[1]: Started Daily Cleanup of Temporary Directories.
Feb  2 09:24:06 cu-cs-vm kernel: [    0.000000] SRAT: PXM 0 -> APIC 0x2e -> Node 0
Feb  2 09:24:06 cu-cs-vm kernel: [    0.000000] SRAT: PXM 0 -> APIC 0x30 -> Node 0
Feb  2 09:24:06 cu-cs-vm kernel: [    0.000000] SRAT: PXM 0 -> APIC 0x32 -> Node 0
Feb  2 09:24:06 cu-cs-vm systemd[1]: Reached target Timers.
Feb  2 09:24:06 cu-cs-vm kernel: [    0.000000] SRAT: PXM 0 -> APIC 0x34 -> Node 0
Feb  2 09:24:06 cu-cs-vm kernel: [    0.000000] SRAT: PXM 0 -> APIC 0x36 -> Node 0
Feb  2 09:24:06 cu-cs-vm kernel: [    0.000000] SRAT: PXM 0 -> APIC 0x38 -> Node 0
Feb  2 09:24:06 cu-cs-vm systemd[1]: Starting Raise network interfaces...
Feb  2 09:24:06 cu-cs-vm kernel: [    0.000000] SRAT: PXM 0 -> APIC 0x3a -> Node 0
Feb  2 09:24:06 cu-cs-vm kernel: [    0.000000] SRAT: PXM 0 -> APIC 0x3c -> Node 0
Feb  2 09:24:06 cu-cs-vm kernel: [    0.000000] SRAT: PXM 0 -> APIC 0x3e -> Node 0
Feb  2 09:24:06 cu-cs-vm kernel: [    0.000000] SRAT: PXM 0 -> APIC 0x40 -> Node 0
Feb  2 09:24:06 cu-cs-vm kernel: [    0.000000] SRAT: PXM 0 -> APIC 0x42 -> Node 0
Feb  2 09:24:06 cu-cs-vm kernel: [    0.000000] SRAT: PXM 0 -> APIC 0x44 -> Node 0
Feb  2 09:24:06 cu-cs-vm systemd[1]: Listening on Socket activation for snappy daemon.
Feb  2 09:24:06 cu-cs-vm kernel: [    0.000000] SRAT: PXM 0 -> APIC 0x46 -> Node 0
Feb  2 09:24:06 cu-cs-vm kernel: [    0.000000] SRAT: PXM 0 -> APIC 0x48 -> Node 0
Feb  2 09:24:06 cu-cs-vm kernel: [    0.000000] SRAT: PXM 0 -> APIC 0x4a -> Node 0
Feb  2 09:24:06 cu-cs-vm kernel: [    0.000000] SRAT: PXM 0 -> APIC 0x4c -> Node 0
Feb  2 09:24:06 cu-cs-vm systemd[1]: Reached target Sockets.
Feb  2 09:24:06 cu-cs-vm kernel: [    0.000000] SRAT: PXM 0 -> APIC 0x4e -> Node 0
Feb  2 09:24:06 cu-cs-vm kernel: [    0.000000] SRAT: PXM 0 -> APIC 0x50 -> Node 0
Feb  2 09:24:06 cu-cs-vm systemd[1]: Reached target Basic System.
Feb  2 09:24:06 cu-cs-vm kernel: [    0.000000] SRAT: PXM 0 -> APIC 0x52 -> Node 0
Feb  2 09:24:06 cu-cs-vm kernel: [    0.000000] SRAT: PXM 0 -> APIC 0x54 -> Node 0
Feb  2 09:24:06 cu-cs-vm kernel: [    0.000000] SRAT: PXM 0 -> APIC 0x56 -> Node 0
Feb  2 09:24:06 cu-cs-vm kernel: [    0.000000] SRAT: PXM 0 -> APIC 0x58 -> Node 0
Feb  2 09:24:06 cu-cs-vm kernel: [    0.000000] SRAT: PXM 0 -> APIC 0x5a -> Node 0
Feb  2 09:24:06 cu-cs-vm kernel: [    0.000000] SRAT: PXM 0 -> APIC 0x5c -> Node 0
Feb  2 09:24:06 cu-cs-vm kernel: [    0.000000] SRAT: PXM 0 -> APIC 0x5e -> Node 0
Feb  2 09:24:06 cu-cs-vm kernel: [    0.000000] SRAT: PXM 0 -> APIC 0x60 -> Node 0
Feb  2 09:24:06 cu-cs-vm systemd[1]: Starting Detect the available GPUs and deal with any system changes...
Feb  2 09:24:06 cu-cs-vm kernel: [    0.000000] SRAT: PXM 0 -> APIC 0x62 -> Node 0
Feb  2 09:24:06 cu-cs-vm kernel: [    0.000000] SRAT: PXM 0 -> APIC 0x64 -> Node 0
Feb  2 09:24:06 cu-cs-vm systemd[1]: Started CUPS Scheduler.
Feb  2 09:24:06 cu-cs-vm systemd[1]: Starting LSB: Speech Dispatcher...
Feb  2 09:24:06 cu-cs-vm systemd[1]: Starting LSB: Record successful boot for GRUB...
Feb  2 09:24:06 cu-cs-vm systemd[1]: Started Authentication service for virtual machines hosted on VMware.
Feb  2 09:24:06 cu-cs-vm systemd[1]: Starting Login Service...
Feb  2 09:24:06 cu-cs-vm systemd[1]: Starting Permit User Sessions...
Feb  2 09:24:06 cu-cs-vm systemd[1]: Started ACPI event daemon.
Feb  2 09:24:06 cu-cs-vm systemd[1]: Starting Accounts Service...
Feb  2 09:24:06 cu-cs-vm systemd[1]: Starting System Logging Service...
Feb  2 09:24:06 cu-cs-vm systemd[1]: Starting Initialize hardware monitoring sensors...
Feb  2 09:24:06 cu-cs-vm systemd[1]: Started Run anacron jobs.
Feb  2 09:24:06 cu-cs-vm systemd[1]: Starting LSB: Execute the kexec -e command to reboot system...
Feb  2 09:24:06 cu-cs-vm systemd[1]: Started uptime record daemon.
Feb  2 09:24:06 cu-cs-vm systemd[1]: Started D-Bus System Message Bus.
Feb  2 09:24:06 cu-cs-vm kernel: [    0.000000] SRAT: PXM 0 -> APIC 0x66 -> Node 0
Feb  2 09:24:06 cu-cs-vm kernel: [    0.000000] SRAT: PXM 0 -> APIC 0x68 -> Node 0
Feb  2 09:24:06 cu-cs-vm gpu-manager[701]: /etc/modprobe.d is not a file
Feb  2 09:24:06 cu-cs-vm kernel: [    0.000000] SRAT: PXM 0 -> APIC 0x6a -> Node 0
Feb  2 09:24:06 cu-cs-vm kernel: [    0.000000] SRAT: PXM 0 -> APIC 0x6c -> Node 0
Feb  2 09:24:06 cu-cs-vm kernel: [    0.000000] SRAT: PXM 0 -> APIC 0x6e -> Node 0
Feb  2 09:24:06 cu-cs-vm kernel: [    0.000000] SRAT: PXM 0 -> APIC 0x70 -> Node 0
Feb  2 09:24:06 cu-cs-vm kernel: [    0.000000] SRAT: PXM 0 -> APIC 0x72 -> Node 0
Feb  2 09:24:06 cu-cs-vm kernel: [    0.000000] SRAT: PXM 0 -> APIC 0x74 -> Node 0
Feb  2 09:24:06 cu-cs-vm kernel: [    0.000000] SRAT: PXM 0 -> APIC 0x76 -> Node 0
Feb  2 09:24:06 cu-cs-vm kernel: [    0.000000] SRAT: PXM 0 -> APIC 0x78 -> Node 0
Feb  2 09:24:06 cu-cs-vm kernel: [    0.000000] SRAT: PXM 0 -> APIC 0x7a -> Node 0
Feb  2 09:24:06 cu-cs-vm kernel: [    0.000000] SRAT: PXM 0 -> APIC 0x7c -> Node 0
Feb  2 09:24:06 cu-cs-vm kernel: [    0.000000] SRAT: PXM 0 -> APIC 0x7e -> Node 0
Feb  2 09:24:06 cu-cs-vm kernel: [    0.000000] SRAT: PXM 0 -> APIC 0x80 -> Node 0
Feb  2 09:24:06 cu-cs-vm kernel: [    0.000000] SRAT: PXM 0 -> APIC 0x82 -> Node 0
Feb  2 09:24:06 cu-cs-vm kernel: [    0.000000] SRAT: PXM 0 -> APIC 0x84 -> Node 0
Feb  2 09:24:06 cu-cs-vm kernel: [    0.000000] SRAT: PXM 0 -> APIC 0x86 -> Node 0
Feb  2 09:24:06 cu-cs-vm kernel: [    0.000000] SRAT: PXM 0 -> APIC 0x88 -> Node 0
Feb  2 09:24:06 cu-cs-vm kernel: [    0.000000] SRAT: PXM 0 -> APIC 0x8a -> Node 0
Feb  2 09:24:06 cu-cs-vm kernel: [    0.000000] SRAT: PXM 0 -> APIC 0x8c -> Node 0
Feb  2 09:24:06 cu-cs-vm kernel: [    0.000000] SRAT: PXM 0 -> APIC 0x8e -> Node 0
Feb  2 09:24:06 cu-cs-vm kernel: [    0.000000] SRAT: PXM 0 -> APIC 0x90 -> Node 0
Feb  2 09:24:06 cu-cs-vm kernel: [    0.000000] SRAT: PXM 0 -> APIC 0x92 -> Node 0
Feb  2 09:24:06 cu-cs-vm kernel: [    0.000000] SRAT: PXM 0 -> APIC 0x94 -> Node 0
Feb  2 09:24:06 cu-cs-vm kernel: [    0.000000] SRAT: PXM 0 -> APIC 0x96 -> Node 0
Feb  2 09:24:06 cu-cs-vm kernel: [    0.000000] SRAT: PXM 0 -> APIC 0x98 -> Node 0
Feb  2 09:24:06 cu-cs-vm kernel: [    0.000000] SRAT: PXM 0 -> APIC 0x9a -> Node 0
Feb  2 09:24:06 cu-cs-vm kernel: [    0.000000] SRAT: PXM 0 -> APIC 0x9c -> Node 0
Feb  2 09:24:06 cu-cs-vm kernel: [    0.000000] SRAT: PXM 0 -> APIC 0x9e -> Node 0
Feb  2 09:24:06 cu-cs-vm kernel: [    0.000000] SRAT: PXM 0 -> APIC 0xa0 -> Node 0
Feb  2 09:24:06 cu-cs-vm kernel: [    0.000000] SRAT: PXM 0 -> APIC 0xa2 -> Node 0
Feb  2 09:24:06 cu-cs-vm kernel: [    0.000000] SRAT: PXM 0 -> APIC 0xa4 -> Node 0
Feb  2 09:24:06 cu-cs-vm kernel: [    0.000000] SRAT: PXM 0 -> APIC 0xa6 -> Node 0
Feb  2 09:24:06 cu-cs-vm kernel: [    0.000000] SRAT: PXM 0 -> APIC 0xa8 -> Node 0
Feb  2 09:24:06 cu-cs-vm kernel: [    0.000000] SRAT: PXM 0 -> APIC 0xaa -> Node 0
Feb  2 09:24:06 cu-cs-vm kernel: [    0.000000] SRAT: PXM 0 -> APIC 0xac -> Node 0
Feb  2 09:24:06 cu-cs-vm kernel: [    0.000000] SRAT: PXM 0 -> APIC 0xae -> Node 0
Feb  2 09:24:06 cu-cs-vm kernel: [    0.000000] SRAT: PXM 0 -> APIC 0xb0 -> Node 0
Feb  2 09:24:06 cu-cs-vm kernel: [    0.000000] SRAT: PXM 0 -> APIC 0xb2 -> Node 0
Feb  2 09:24:06 cu-cs-vm kernel: [    0.000000] SRAT: PXM 0 -> APIC 0xb4 -> Node 0
Feb  2 09:24:06 cu-cs-vm kernel: [    0.000000] SRAT: PXM 0 -> APIC 0xb6 -> Node 0
Feb  2 09:24:06 cu-cs-vm kernel: [    0.000000] SRAT: PXM 0 -> APIC 0xb8 -> Node 0
Feb  2 09:24:06 cu-cs-vm kernel: [    0.000000] SRAT: PXM 0 -> APIC 0xba -> Node 0
Feb  2 09:24:06 cu-cs-vm kernel: [    0.000000] SRAT: PXM 0 -> APIC 0xbc -> Node 0
Feb  2 09:24:06 cu-cs-vm gpu-manager[701]: message repeated 4 times: [ /etc/modprobe.d is not a file]
Feb  2 09:24:06 cu-cs-vm gpu-manager[701]: Error: can't open /lib/modules/4.15.18sssst/updates/dkms
Feb  2 09:24:06 cu-cs-vm kernel: [    0.000000] SRAT: PXM 0 -> APIC 0xbe -> Node 0
Feb  2 09:24:06 cu-cs-vm kernel: [    0.000000] SRAT: PXM 0 -> APIC 0xc0 -> Node 0
Feb  2 09:24:06 cu-cs-vm kernel: [    0.000000] SRAT: PXM 0 -> APIC 0xc2 -> Node 0
Feb  2 09:24:06 cu-cs-vm kernel: [    0.000000] SRAT: PXM 0 -> APIC 0xc4 -> Node 0
Feb  2 09:24:06 cu-cs-vm kernel: [    0.000000] SRAT: PXM 0 -> APIC 0xc6 -> Node 0
Feb  2 09:24:06 cu-cs-vm kernel: [    0.000000] SRAT: PXM 0 -> APIC 0xc8 -> Node 0
Feb  2 09:24:06 cu-cs-vm kernel: [    0.000000] SRAT: PXM 0 -> APIC 0xca -> Node 0
Feb  2 09:24:06 cu-cs-vm kernel: [    0.000000] SRAT: PXM 0 -> APIC 0xcc -> Node 0
Feb  2 09:24:06 cu-cs-vm kernel: [    0.000000] SRAT: PXM 0 -> APIC 0xce -> Node 0
Feb  2 09:24:06 cu-cs-vm kernel: [    0.000000] SRAT: PXM 0 -> APIC 0xd0 -> Node 0
Feb  2 09:24:06 cu-cs-vm kernel: [    0.000000] SRAT: PXM 0 -> APIC 0xd2 -> Node 0
Feb  2 09:24:06 cu-cs-vm kernel: [    0.000000] SRAT: PXM 0 -> APIC 0xd4 -> Node 0
Feb  2 09:24:06 cu-cs-vm gpu-manager[701]: Error: can't open /lib/modules/4.15.18sssst/updates/dkms
Feb  2 09:24:06 cu-cs-vm VGAuthService[708]: ** Message: Pref_Init: Using '/etc/vmware-tools/vgauth.conf' as preferences filepath
Feb  2 09:24:06 cu-cs-vm kernel: [    0.000000] SRAT: PXM 0 -> APIC 0xd6 -> Node 0
Feb  2 09:24:06 cu-cs-vm kernel: [    0.000000] SRAT: PXM 0 -> APIC 0xd8 -> Node 0
Feb  2 09:24:06 cu-cs-vm kernel: [    0.000000] SRAT: PXM 0 -> APIC 0xda -> Node 0
Feb  2 09:24:06 cu-cs-vm VGAuthService[708]: ** Message: Core dump limit set to -1
Feb  2 09:24:06 cu-cs-vm kernel: [    0.000000] SRAT: PXM 0 -> APIC 0xdc -> Node 0
Feb  2 09:24:06 cu-cs-vm kernel: [    0.000000] SRAT: PXM 0 -> APIC 0xde -> Node 0
Feb  2 09:24:06 cu-cs-vm kernel: [    0.000000] SRAT: PXM 0 -> APIC 0xe0 -> Node 0
Feb  2 09:24:06 cu-cs-vm kernel: [    0.000000] SRAT: PXM 0 -> APIC 0xe2 -> Node 0
Feb  2 09:24:06 cu-cs-vm kernel: [    0.000000] SRAT: PXM 0 -> APIC 0xe4 -> Node 0
Feb  2 09:24:06 cu-cs-vm kernel: [    0.000000] SRAT: PXM 0 -> APIC 0xe6 -> Node 0
Feb  2 09:24:06 cu-cs-vm VGAuthService[708]: ** Message: Cannot load message catalog for domain 'VGAuthService', language 'C', catalog dir '.'.
Feb  2 09:24:06 cu-cs-vm kernel: [    0.000000] SRAT: PXM 0 -> APIC 0xe8 -> Node 0
Feb  2 09:24:06 cu-cs-vm kernel: [    0.000000] SRAT: PXM 0 -> APIC 0xea -> Node 0
Feb  2 09:24:06 cu-cs-vm kernel: [    0.000000] SRAT: PXM 0 -> APIC 0xec -> Node 0
Feb  2 09:24:06 cu-cs-vm VGAuthService[708]: ** Message: INIT SERVICE
Feb  2 09:24:06 cu-cs-vm kernel: [    0.000000] SRAT: PXM 0 -> APIC 0xee -> Node 0
Feb  2 09:24:06 cu-cs-vm kernel: [    0.000000] SRAT: PXM 0 -> APIC 0xf0 -> Node 0
Feb  2 09:24:06 cu-cs-vm kernel: [    0.000000] SRAT: PXM 0 -> APIC 0xf2 -> Node 0
Feb  2 09:24:06 cu-cs-vm VGAuthService[708]: ** Message: Using '/var/lib/vmware/VGAuth/aliasStore' for alias store root directory
Feb  2 09:24:06 cu-cs-vm kernel: [    0.000000] SRAT: PXM 0 -> APIC 0xf4 -> Node 0
Feb  2 09:24:06 cu-cs-vm kernel: [    0.000000] SRAT: PXM 0 -> APIC 0xf6 -> Node 0
Feb  2 09:24:06 cu-cs-vm kernel: [    0.000000] SRAT: PXM 0 -> APIC 0xf8 -> Node 0
Feb  2 09:24:06 cu-cs-vm kernel: [    0.000000] SRAT: PXM 0 -> APIC 0xfa -> Node 0
Feb  2 09:24:06 cu-cs-vm kernel: [    0.000000] SRAT: PXM 0 -> APIC 0xfc -> Node 0
Feb  2 09:24:06 cu-cs-vm kernel: [    0.000000] SRAT: PXM 0 -> APIC 0xfe -> Node 0
Feb  2 09:24:06 cu-cs-vm VGAuthService[708]: ** Message: LoadCatalogAndSchema: Using '/etc/vmware-tools/vgauth/schemas' for SAML schemas
Feb  2 09:24:06 cu-cs-vm kernel: [    0.000000] ACPI: SRAT: Node 0 PXM 0 [mem 0x00000000-0x0009ffff]
Feb  2 09:24:06 cu-cs-vm VGAuthService[708]: ** Message: LoadPrefs: Allowing 300 of clock skew for SAML date validation
Feb  2 09:24:06 cu-cs-vm kernel: [    0.000000] ACPI: SRAT: Node 0 PXM 0 [mem 0x00100000-0x7fffffff]
Feb  2 09:24:06 cu-cs-vm kernel: [    0.000000] ACPI: SRAT: Node 0 PXM 0 [mem 0x80000000-0xbfffffff] hotplug
Feb  2 09:24:06 cu-cs-vm kernel: [    0.000000] NUMA: Node 0 [mem 0x00000000-0x0009ffff] + [mem 0x00100000-0x7fffffff] -> [mem 0x00000000-0x7fffffff]
Feb  2 09:24:06 cu-cs-vm kernel: [    0.000000] NODE_DATA(0) allocated [mem 0x7ffd5000-0x7fffffff]
Feb  2 09:24:06 cu-cs-vm kernel: [    0.000000] Zone ranges:
Feb  2 09:24:06 cu-cs-vm VGAuthService[708]: ** Message: SAML_Init: Using xmlsec1 1.2.20 for XML signature support
Feb  2 09:24:06 cu-cs-vm kernel: [    0.000000]   DMA      [mem 0x0000000000001000-0x0000000000ffffff]
Feb  2 09:24:06 cu-cs-vm kernel: [    0.000000]   DMA32    [mem 0x0000000001000000-0x000000007fffffff]
Feb  2 09:24:06 cu-cs-vm kernel: [    0.000000]   Normal   empty
Feb  2 09:24:06 cu-cs-vm kernel: [    0.000000]   Device   empty
Feb  2 09:24:06 cu-cs-vm kernel: [    0.000000] Movable zone start for each node
Feb  2 09:24:06 cu-cs-vm VGAuthService[708]: ** Message: ServiceNetworkCreateSocketDir: Created socket directory '/var/run/vmware'
Feb  2 09:24:06 cu-cs-vm kernel: [    0.000000] Early memory node ranges
Feb  2 09:24:06 cu-cs-vm kernel: [    0.000000]   node   0: [mem 0x0000000000001000-0x000000000009dfff]
Feb  2 09:24:06 cu-cs-vm kernel: [    0.000000]   node   0: [mem 0x0000000000100000-0x000000007fedffff]
Feb  2 09:24:06 cu-cs-vm VGAuthService[708]: ** Message: BEGIN SERVICE
Feb  2 09:24:06 cu-cs-vm kernel: [    0.000000]   node   0: [mem 0x000000007ff00000-0x000000007fffffff]
Feb  2 09:24:06 cu-cs-vm kernel: [    0.000000] Reserved but unavailable: 99 pages
Feb  2 09:24:06 cu-cs-vm kernel: [    0.000000] Initmem setup node 0 [mem 0x0000000000001000-0x000000007fffffff]
Feb  2 09:24:06 cu-cs-vm sensors[718]: No sensors found!
Feb  2 09:24:06 cu-cs-vm kernel: [    0.000000] On node 0 totalpages: 524157
Feb  2 09:24:06 cu-cs-vm kernel: [    0.000000]   DMA zone: 64 pages used for memmap
Feb  2 09:24:06 cu-cs-vm kernel: [    0.000000]   DMA zone: 21 pages reserved
Feb  2 09:24:06 cu-cs-vm kernel: [    0.000000]   DMA zone: 3997 pages, LIFO batch:0
Feb  2 09:24:06 cu-cs-vm kernel: [    0.000000]   DMA32 zone: 8128 pages used for memmap
Feb  2 09:24:06 cu-cs-vm sensors[718]: Make sure you loaded all the kernel drivers you need.
Feb  2 09:24:06 cu-cs-vm kernel: [    0.000000]   DMA32 zone: 520160 pages, LIFO batch:31
Feb  2 09:24:06 cu-cs-vm sensors[718]: Try sensors-detect to find out which these are.
Feb  2 09:24:06 cu-cs-vm kernel: [    0.000000] ACPI: PM-Timer IO Port: 0x1008
Feb  2 09:24:06 cu-cs-vm kernel: [    0.000000] ACPI: Local APIC address 0xfee00000
Feb  2 09:24:06 cu-cs-vm kernel: [    0.000000] system APIC only can use physical flat
Feb  2 09:24:06 cu-cs-vm kernel: [    0.000000] ACPI: LAPIC_NMI (acpi_id[0x00] high edge lint[0x1])
Feb  2 09:24:06 cu-cs-vm kernel: [    0.000000] ACPI: LAPIC_NMI (acpi_id[0x01] high edge lint[0x1])
Feb  2 09:24:06 cu-cs-vm kernel: [    0.000000] ACPI: LAPIC_NMI (acpi_id[0x02] high edge lint[0x1])
Feb  2 09:24:06 cu-cs-vm kernel: [    0.000000] ACPI: LAPIC_NMI (acpi_id[0x03] high edge lint[0x1])
Feb  2 09:24:06 cu-cs-vm kernel: [    0.000000] ACPI: LAPIC_NMI (acpi_id[0x04] high edge lint[0x1])
Feb  2 09:24:06 cu-cs-vm kernel: [    0.000000] ACPI: LAPIC_NMI (acpi_id[0x05] high edge lint[0x1])
Feb  2 09:24:06 cu-cs-vm kernel: [    0.000000] ACPI: LAPIC_NMI (acpi_id[0x06] high edge lint[0x1])
Feb  2 09:24:06 cu-cs-vm kernel: [    0.000000] ACPI: LAPIC_NMI (acpi_id[0x07] high edge lint[0x1])
Feb  2 09:24:06 cu-cs-vm kernel: [    0.000000] ACPI: LAPIC_NMI (acpi_id[0x08] high edge lint[0x1])
Feb  2 09:24:06 cu-cs-vm kernel: [    0.000000] ACPI: LAPIC_NMI (acpi_id[0x09] high edge lint[0x1])
Feb  2 09:24:06 cu-cs-vm kernel: [    0.000000] ACPI: LAPIC_NMI (acpi_id[0x0a] high edge lint[0x1])
Feb  2 09:24:06 cu-cs-vm kernel: [    0.000000] ACPI: LAPIC_NMI (acpi_id[0x0b] high edge lint[0x1])
Feb  2 09:24:06 cu-cs-vm kernel: [    0.000000] ACPI: LAPIC_NMI (acpi_id[0x0c] high edge lint[0x1])
Feb  2 09:24:06 cu-cs-vm kernel: [    0.000000] ACPI: LAPIC_NMI (acpi_id[0x0d] high edge lint[0x1])
Feb  2 09:24:06 cu-cs-vm kernel: [    0.000000] ACPI: LAPIC_NMI (acpi_id[0x0e] high edge lint[0x1])
Feb  2 09:24:06 cu-cs-vm kernel: [    0.000000] ACPI: LAPIC_NMI (acpi_id[0x0f] high edge lint[0x1])
Feb  2 09:24:06 cu-cs-vm kernel: [    0.000000] ACPI: LAPIC_NMI (acpi_id[0x10] high edge lint[0x1])
Feb  2 09:24:06 cu-cs-vm kernel: [    0.000000] ACPI: LAPIC_NMI (acpi_id[0x11] high edge lint[0x1])
Feb  2 09:24:06 cu-cs-vm kernel: [    0.000000] ACPI: LAPIC_NMI (acpi_id[0x12] high edge lint[0x1])
Feb  2 09:24:06 cu-cs-vm kernel: [    0.000000] ACPI: LAPIC_NMI (acpi_id[0x13] high edge lint[0x1])
Feb  2 09:24:06 cu-cs-vm kernel: [    0.000000] ACPI: LAPIC_NMI (acpi_id[0x14] high edge lint[0x1])
Feb  2 09:24:06 cu-cs-vm kernel: [    0.000000] ACPI: LAPIC_NMI (acpi_id[0x15] high edge lint[0x1])
Feb  2 09:24:06 cu-cs-vm kernel: [    0.000000] ACPI: LAPIC_NMI (acpi_id[0x16] high edge lint[0x1])
Feb  2 09:24:06 cu-cs-vm kernel: [    0.000000] ACPI: LAPIC_NMI (acpi_id[0x17] high edge lint[0x1])
Feb  2 09:24:06 cu-cs-vm kernel: [    0.000000] ACPI: LAPIC_NMI (acpi_id[0x18] high edge lint[0x1])
Feb  2 09:24:06 cu-cs-vm kernel: [    0.000000] ACPI: LAPIC_NMI (acpi_id[0x19] high edge lint[0x1])
Feb  2 09:24:06 cu-cs-vm kernel: [    0.000000] ACPI: LAPIC_NMI (acpi_id[0x1a] high edge lint[0x1])
Feb  2 09:24:06 cu-cs-vm kernel: [    0.000000] ACPI: LAPIC_NMI (acpi_id[0x1b] high edge lint[0x1])
Feb  2 09:24:06 cu-cs-vm kernel: [    0.000000] ACPI: LAPIC_NMI (acpi_id[0x1c] high edge lint[0x1])
Feb  2 09:24:06 cu-cs-vm kernel: [    0.000000] ACPI: LAPIC_NMI (acpi_id[0x1d] high edge lint[0x1])
Feb  2 09:24:06 cu-cs-vm kernel: [    0.000000] ACPI: LAPIC_NMI (acpi_id[0x1e] high edge lint[0x1])
Feb  2 09:24:06 cu-cs-vm kernel: [    0.000000] ACPI: LAPIC_NMI (acpi_id[0x1f] high edge lint[0x1])
Feb  2 09:24:06 cu-cs-vm kernel: [    0.000000] ACPI: LAPIC_NMI (acpi_id[0x20] high edge lint[0x1])
Feb  2 09:24:06 cu-cs-vm kernel: [    0.000000] ACPI: LAPIC_NMI (acpi_id[0x21] high edge lint[0x1])
Feb  2 09:24:06 cu-cs-vm kernel: [    0.000000] ACPI: LAPIC_NMI (acpi_id[0x22] high edge lint[0x1])
Feb  2 09:24:06 cu-cs-vm kernel: [    0.000000] ACPI: LAPIC_NMI (acpi_id[0x23] high edge lint[0x1])
Feb  2 09:24:06 cu-cs-vm kernel: [    0.000000] ACPI: LAPIC_NMI (acpi_id[0x24] high edge lint[0x1])
Feb  2 09:24:06 cu-cs-vm kernel: [    0.000000] ACPI: LAPIC_NMI (acpi_id[0x25] high edge lint[0x1])
Feb  2 09:24:06 cu-cs-vm kernel: [    0.000000] ACPI: LAPIC_NMI (acpi_id[0x26] high edge lint[0x1])
Feb  2 09:24:06 cu-cs-vm kernel: [    0.000000] ACPI: LAPIC_NMI (acpi_id[0x27] high edge lint[0x1])
Feb  2 09:24:06 cu-cs-vm kernel: [    0.000000] ACPI: LAPIC_NMI (acpi_id[0x28] high edge lint[0x1])
Feb  2 09:24:06 cu-cs-vm kernel: [    0.000000] ACPI: LAPIC_NMI (acpi_id[0x29] high edge lint[0x1])
Feb  2 09:24:06 cu-cs-vm kernel: [    0.000000] ACPI: LAPIC_NMI (acpi_id[0x2a] high edge lint[0x1])
Feb  2 09:24:06 cu-cs-vm kernel: [    0.000000] ACPI: LAPIC_NMI (acpi_id[0x2b] high edge lint[0x1])
Feb  2 09:24:06 cu-cs-vm kernel: [    0.000000] ACPI: LAPIC_NMI (acpi_id[0x2c] high edge lint[0x1])
Feb  2 09:24:06 cu-cs-vm kernel: [    0.000000] ACPI: LAPIC_NMI (acpi_id[0x2d] high edge lint[0x1])
Feb  2 09:24:06 cu-cs-vm kernel: [    0.000000] ACPI: LAPIC_NMI (acpi_id[0x2e] high edge lint[0x1])
Feb  2 09:24:06 cu-cs-vm kernel: [    0.000000] ACPI: LAPIC_NMI (acpi_id[0x2f] high edge lint[0x1])
Feb  2 09:24:06 cu-cs-vm kernel: [    0.000000] ACPI: LAPIC_NMI (acpi_id[0x30] high edge lint[0x1])
Feb  2 09:24:06 cu-cs-vm kernel: [    0.000000] ACPI: LAPIC_NMI (acpi_id[0x31] high edge lint[0x1])
Feb  2 09:24:06 cu-cs-vm kernel: [    0.000000] ACPI: LAPIC_NMI (acpi_id[0x32] high edge lint[0x1])
Feb  2 09:24:06 cu-cs-vm kernel: [    0.000000] ACPI: LAPIC_NMI (acpi_id[0x33] high edge lint[0x1])
Feb  2 09:24:06 cu-cs-vm kernel: [    0.000000] ACPI: LAPIC_NMI (acpi_id[0x34] high edge lint[0x1])
Feb  2 09:24:06 cu-cs-vm kernel: [    0.000000] ACPI: LAPIC_NMI (acpi_id[0x35] high edge lint[0x1])
Feb  2 09:24:06 cu-cs-vm kernel: [    0.000000] ACPI: LAPIC_NMI (acpi_id[0x36] high edge lint[0x1])
Feb  2 09:24:06 cu-cs-vm kernel: [    0.000000] ACPI: LAPIC_NMI (acpi_id[0x37] high edge lint[0x1])
Feb  2 09:24:06 cu-cs-vm kernel: [    0.000000] ACPI: LAPIC_NMI (acpi_id[0x38] high edge lint[0x1])
Feb  2 09:24:06 cu-cs-vm kernel: [    0.000000] ACPI: LAPIC_NMI (acpi_id[0x39] high edge lint[0x1])
Feb  2 09:24:06 cu-cs-vm kernel: [    0.000000] ACPI: LAPIC_NMI (acpi_id[0x3a] high edge lint[0x1])
Feb  2 09:24:06 cu-cs-vm kernel: [    0.000000] ACPI: LAPIC_NMI (acpi_id[0x3b] high edge lint[0x1])
Feb  2 09:24:06 cu-cs-vm kernel: [    0.000000] ACPI: LAPIC_NMI (acpi_id[0x3c] high edge lint[0x1])
Feb  2 09:24:06 cu-cs-vm kernel: [    0.000000] ACPI: LAPIC_NMI (acpi_id[0x3d] high edge lint[0x1])
Feb  2 09:24:06 cu-cs-vm kernel: [    0.000000] ACPI: LAPIC_NMI (acpi_id[0x3e] high edge lint[0x1])
Feb  2 09:24:06 cu-cs-vm kernel: [    0.000000] ACPI: LAPIC_NMI (acpi_id[0x3f] high edge lint[0x1])
Feb  2 09:24:06 cu-cs-vm kernel: [    0.000000] ACPI: LAPIC_NMI (acpi_id[0x40] high edge lint[0x1])
Feb  2 09:24:06 cu-cs-vm kernel: [    0.000000] ACPI: LAPIC_NMI (acpi_id[0x41] high edge lint[0x1])
Feb  2 09:24:06 cu-cs-vm kernel: [    0.000000] ACPI: LAPIC_NMI (acpi_id[0x42] high edge lint[0x1])
Feb  2 09:24:06 cu-cs-vm kernel: [    0.000000] ACPI: LAPIC_NMI (acpi_id[0x43] high edge lint[0x1])
Feb  2 09:24:06 cu-cs-vm kernel: [    0.000000] ACPI: LAPIC_NMI (acpi_id[0x44] high edge lint[0x1])
Feb  2 09:24:06 cu-cs-vm kernel: [    0.000000] ACPI: LAPIC_NMI (acpi_id[0x45] high edge lint[0x1])
Feb  2 09:24:06 cu-cs-vm kernel: [    0.000000] ACPI: LAPIC_NMI (acpi_id[0x46] high edge lint[0x1])
Feb  2 09:24:06 cu-cs-vm kernel: [    0.000000] ACPI: LAPIC_NMI (acpi_id[0x47] high edge lint[0x1])
Feb  2 09:24:06 cu-cs-vm kernel: [    0.000000] ACPI: LAPIC_NMI (acpi_id[0x48] high edge lint[0x1])
Feb  2 09:24:06 cu-cs-vm kernel: [    0.000000] ACPI: LAPIC_NMI (acpi_id[0x49] high edge lint[0x1])
Feb  2 09:24:06 cu-cs-vm kernel: [    0.000000] ACPI: LAPIC_NMI (acpi_id[0x4a] high edge lint[0x1])
Feb  2 09:24:06 cu-cs-vm kernel: [    0.000000] ACPI: LAPIC_NMI (acpi_id[0x4b] high edge lint[0x1])
Feb  2 09:24:06 cu-cs-vm kernel: [    0.000000] ACPI: LAPIC_NMI (acpi_id[0x4c] high edge lint[0x1])
Feb  2 09:24:06 cu-cs-vm kernel: [    0.000000] ACPI: LAPIC_NMI (acpi_id[0x4d] high edge lint[0x1])
Feb  2 09:24:06 cu-cs-vm kernel: [    0.000000] ACPI: LAPIC_NMI (acpi_id[0x4e] high edge lint[0x1])
Feb  2 09:24:06 cu-cs-vm kernel: [    0.000000] ACPI: LAPIC_NMI (acpi_id[0x4f] high edge lint[0x1])
Feb  2 09:24:06 cu-cs-vm kernel: [    0.000000] ACPI: LAPIC_NMI (acpi_id[0x50] high edge lint[0x1])
Feb  2 09:24:06 cu-cs-vm kernel: [    0.000000] ACPI: LAPIC_NMI (acpi_id[0x51] high edge lint[0x1])
Feb  2 09:24:06 cu-cs-vm kernel: [    0.000000] ACPI: LAPIC_NMI (acpi_id[0x52] high edge lint[0x1])
Feb  2 09:24:06 cu-cs-vm kernel: [    0.000000] ACPI: LAPIC_NMI (acpi_id[0x53] high edge lint[0x1])
Feb  2 09:24:06 cu-cs-vm kernel: [    0.000000] ACPI: LAPIC_NMI (acpi_id[0x54] high edge lint[0x1])
Feb  2 09:24:06 cu-cs-vm kernel: [    0.000000] ACPI: LAPIC_NMI (acpi_id[0x55] high edge lint[0x1])
Feb  2 09:24:06 cu-cs-vm kernel: [    0.000000] ACPI: LAPIC_NMI (acpi_id[0x56] high edge lint[0x1])
Feb  2 09:24:06 cu-cs-vm kernel: [    0.000000] ACPI: LAPIC_NMI (acpi_id[0x57] high edge lint[0x1])
Feb  2 09:24:06 cu-cs-vm kernel: [    0.000000] ACPI: LAPIC_NMI (acpi_id[0x58] high edge lint[0x1])
Feb  2 09:24:06 cu-cs-vm kernel: [    0.000000] ACPI: LAPIC_NMI (acpi_id[0x59] high edge lint[0x1])
Feb  2 09:24:06 cu-cs-vm kernel: [    0.000000] ACPI: LAPIC_NMI (acpi_id[0x5a] high edge lint[0x1])
Feb  2 09:24:06 cu-cs-vm kernel: [    0.000000] ACPI: LAPIC_NMI (acpi_id[0x5b] high edge lint[0x1])
Feb  2 09:24:06 cu-cs-vm kernel: [    0.000000] ACPI: LAPIC_NMI (acpi_id[0x5c] high edge lint[0x1])
Feb  2 09:24:06 cu-cs-vm kernel: [    0.000000] ACPI: LAPIC_NMI (acpi_id[0x5d] high edge lint[0x1])
Feb  2 09:24:06 cu-cs-vm kernel: [    0.000000] ACPI: LAPIC_NMI (acpi_id[0x5e] high edge lint[0x1])
Feb  2 09:24:06 cu-cs-vm kernel: [    0.000000] ACPI: LAPIC_NMI (acpi_id[0x5f] high edge lint[0x1])
Feb  2 09:24:06 cu-cs-vm kernel: [    0.000000] ACPI: LAPIC_NMI (acpi_id[0x60] high edge lint[0x1])
Feb  2 09:24:06 cu-cs-vm kernel: [    0.000000] ACPI: LAPIC_NMI (acpi_id[0x61] high edge lint[0x1])
Feb  2 09:24:06 cu-cs-vm kernel: [    0.000000] ACPI: LAPIC_NMI (acpi_id[0x62] high edge lint[0x1])
Feb  2 09:24:06 cu-cs-vm kernel: [    0.000000] ACPI: LAPIC_NMI (acpi_id[0x63] high edge lint[0x1])
Feb  2 09:24:06 cu-cs-vm kernel: [    0.000000] ACPI: LAPIC_NMI (acpi_id[0x64] high edge lint[0x1])
Feb  2 09:24:06 cu-cs-vm kernel: [    0.000000] ACPI: LAPIC_NMI (acpi_id[0x65] high edge lint[0x1])
Feb  2 09:24:06 cu-cs-vm kernel: [    0.000000] ACPI: LAPIC_NMI (acpi_id[0x66] high edge lint[0x1])
Feb  2 09:24:06 cu-cs-vm kernel: [    0.000000] ACPI: LAPIC_NMI (acpi_id[0x67] high edge lint[0x1])
Feb  2 09:24:06 cu-cs-vm kernel: [    0.000000] ACPI: LAPIC_NMI (acpi_id[0x68] high edge lint[0x1])
Feb  2 09:24:06 cu-cs-vm kernel: [    0.000000] ACPI: LAPIC_NMI (acpi_id[0x69] high edge lint[0x1])
Feb  2 09:24:06 cu-cs-vm kernel: [    0.000000] ACPI: LAPIC_NMI (acpi_id[0x6a] high edge lint[0x1])
Feb  2 09:24:06 cu-cs-vm kernel: [    0.000000] ACPI: LAPIC_NMI (acpi_id[0x6b] high edge lint[0x1])
Feb  2 09:24:06 cu-cs-vm kernel: [    0.000000] ACPI: LAPIC_NMI (acpi_id[0x6c] high edge lint[0x1])
Feb  2 09:24:06 cu-cs-vm kernel: [    0.000000] ACPI: LAPIC_NMI (acpi_id[0x6d] high edge lint[0x1])
Feb  2 09:24:06 cu-cs-vm kernel: [    0.000000] ACPI: LAPIC_NMI (acpi_id[0x6e] high edge lint[0x1])
Feb  2 09:24:06 cu-cs-vm kernel: [    0.000000] ACPI: LAPIC_NMI (acpi_id[0x6f] high edge lint[0x1])
Feb  2 09:24:06 cu-cs-vm kernel: [    0.000000] ACPI: LAPIC_NMI (acpi_id[0x70] high edge lint[0x1])
Feb  2 09:24:06 cu-cs-vm kernel: [    0.000000] ACPI: LAPIC_NMI (acpi_id[0x71] high edge lint[0x1])
Feb  2 09:24:06 cu-cs-vm kernel: [    0.000000] ACPI: LAPIC_NMI (acpi_id[0x72] high edge lint[0x1])
Feb  2 09:24:06 cu-cs-vm kernel: [    0.000000] ACPI: LAPIC_NMI (acpi_id[0x73] high edge lint[0x1])
Feb  2 09:24:06 cu-cs-vm kernel: [    0.000000] ACPI: LAPIC_NMI (acpi_id[0x74] high edge lint[0x1])
Feb  2 09:24:06 cu-cs-vm kernel: [    0.000000] ACPI: LAPIC_NMI (acpi_id[0x75] high edge lint[0x1])
Feb  2 09:24:06 cu-cs-vm kernel: [    0.000000] ACPI: LAPIC_NMI (acpi_id[0x76] high edge lint[0x1])
Feb  2 09:24:06 cu-cs-vm kernel: [    0.000000] ACPI: LAPIC_NMI (acpi_id[0x77] high edge lint[0x1])
Feb  2 09:24:06 cu-cs-vm kernel: [    0.000000] ACPI: LAPIC_NMI (acpi_id[0x78] high edge lint[0x1])
Feb  2 09:24:06 cu-cs-vm kernel: [    0.000000] ACPI: LAPIC_NMI (acpi_id[0x79] high edge lint[0x1])
Feb  2 09:24:06 cu-cs-vm kernel: [    0.000000] ACPI: LAPIC_NMI (acpi_id[0x7a] high edge lint[0x1])
Feb  2 09:24:06 cu-cs-vm kernel: [    0.000000] ACPI: LAPIC_NMI (acpi_id[0x7b] high edge lint[0x1])
Feb  2 09:24:06 cu-cs-vm kernel: [    0.000000] ACPI: LAPIC_NMI (acpi_id[0x7c] high edge lint[0x1])
Feb  2 09:24:06 cu-cs-vm kernel: [    0.000000] ACPI: LAPIC_NMI (acpi_id[0x7d] high edge lint[0x1])
Feb  2 09:24:06 cu-cs-vm kernel: [    0.000000] ACPI: LAPIC_NMI (acpi_id[0x7e] high edge lint[0x1])
Feb  2 09:24:06 cu-cs-vm kernel: [    0.000000] ACPI: LAPIC_NMI (acpi_id[0x7f] high edge lint[0x1])
Feb  2 09:24:06 cu-cs-vm kernel: [    0.000000] IOAPIC[0]: apic_id 1, version 32, address 0xfec00000, GSI 0-23
Feb  2 09:24:06 cu-cs-vm kernel: [    0.000000] ACPI: INT_SRC_OVR (bus 0 bus_irq 0 global_irq 2 high edge)
Feb  2 09:24:06 cu-cs-vm kernel: [    0.000000] ACPI: IRQ0 used by override.
Feb  2 09:24:06 cu-cs-vm kernel: [    0.000000] ACPI: IRQ9 used by override.
Feb  2 09:24:06 cu-cs-vm kernel: [    0.000000] Using ACPI (MADT) for SMP configuration information
Feb  2 09:24:06 cu-cs-vm kernel: [    0.000000] smpboot: Allowing 128 CPUs, 126 hotplug CPUs
Feb  2 09:24:06 cu-cs-vm kernel: [    0.000000] PM: Registered nosave memory: [mem 0x00000000-0x00000fff]
Feb  2 09:24:06 cu-cs-vm kernel: [    0.000000] PM: Registered nosave memory: [mem 0x0009e000-0x0009efff]
Feb  2 09:24:06 cu-cs-vm kernel: [    0.000000] PM: Registered nosave memory: [mem 0x0009f000-0x0009ffff]
Feb  2 09:24:06 cu-cs-vm kernel: [    0.000000] PM: Registered nosave memory: [mem 0x000a0000-0x000dbfff]
Feb  2 09:24:06 cu-cs-vm kernel: [    0.000000] PM: Registered nosave memory: [mem 0x000dc000-0x000fffff]
Feb  2 09:24:06 cu-cs-vm kernel: [    0.000000] PM: Registered nosave memory: [mem 0x7fee0000-0x7fefefff]
Feb  2 09:24:06 cu-cs-vm kernel: [    0.000000] PM: Registered nosave memory: [mem 0x7feff000-0x7fefffff]
Feb  2 09:24:06 cu-cs-vm kernel: [    0.000000] e820: [mem 0x80000000-0xefffffff] available for PCI devices
Feb  2 09:24:06 cu-cs-vm kernel: [    0.000000] Booting paravirtualized kernel on VMware hypervisor
Feb  2 09:24:06 cu-cs-vm kernel: [    0.000000] clocksource: refined-jiffies: mask: 0xffffffff max_cycles: 0xffffffff, max_idle_ns: 7645519600211568 ns
Feb  2 09:24:06 cu-cs-vm kernel: [    0.000000] random: get_random_bytes called from start_kernel+0x99/0x51d with crng_init=0
Feb  2 09:24:06 cu-cs-vm kernel: [    0.000000] setup_percpu: NR_CPUS:8192 nr_cpumask_bits:128 nr_cpu_ids:128 nr_node_ids:1
Feb  2 09:24:06 cu-cs-vm kernel: [    0.000000] percpu: Embedded 45 pages/cpu s147456 r8192 d28672 u262144
Feb  2 09:24:06 cu-cs-vm kernel: [    0.000000] pcpu-alloc: s147456 r8192 d28672 u262144 alloc=1*2097152
Feb  2 09:24:06 cu-cs-vm kernel: [    0.000000] pcpu-alloc: [0] 000 001 002 003 004 005 006 007 
Feb  2 09:24:06 cu-cs-vm kernel: [    0.000000] pcpu-alloc: [0] 008 009 010 011 012 013 014 015 
Feb  2 09:24:06 cu-cs-vm kernel: [    0.000000] pcpu-alloc: [0] 016 017 018 019 020 021 022 023 
Feb  2 09:24:06 cu-cs-vm kernel: [    0.000000] pcpu-alloc: [0] 024 025 026 027 028 029 030 031 
Feb  2 09:24:06 cu-cs-vm kernel: [    0.000000] pcpu-alloc: [0] 032 033 034 035 036 037 038 039 
Feb  2 09:24:06 cu-cs-vm kernel: [    0.000000] pcpu-alloc: [0] 040 041 042 043 044 045 046 047 
Feb  2 09:24:06 cu-cs-vm kernel: [    0.000000] pcpu-alloc: [0] 048 049 050 051 052 053 054 055 
Feb  2 09:24:06 cu-cs-vm kernel: [    0.000000] pcpu-alloc: [0] 056 057 058 059 060 061 062 063 
Feb  2 09:24:06 cu-cs-vm kernel: [    0.000000] pcpu-alloc: [0] 064 065 066 067 068 069 070 071 
Feb  2 09:24:06 cu-cs-vm kernel: [    0.000000] pcpu-alloc: [0] 072 073 074 075 076 077 078 079 
Feb  2 09:24:06 cu-cs-vm kernel: [    0.000000] pcpu-alloc: [0] 080 081 082 083 084 085 086 087 
Feb  2 09:24:06 cu-cs-vm kernel: [    0.000000] pcpu-alloc: [0] 088 089 090 091 092 093 094 095 
Feb  2 09:24:06 cu-cs-vm kernel: [    0.000000] pcpu-alloc: [0] 096 097 098 099 100 101 102 103 
Feb  2 09:24:06 cu-cs-vm kernel: [    0.000000] pcpu-alloc: [0] 104 105 106 107 108 109 110 111 
Feb  2 09:24:06 cu-cs-vm kernel: [    0.000000] pcpu-alloc: [0] 112 113 114 115 116 117 118 119 
Feb  2 09:24:06 cu-cs-vm kernel: [    0.000000] pcpu-alloc: [0] 120 121 122 123 124 125 126 127 
Feb  2 09:24:06 cu-cs-vm kernel: [    0.000000] Built 1 zonelists, mobility grouping on.  Total pages: 515944
Feb  2 09:24:06 cu-cs-vm kernel: [    0.000000] Policy zone: DMA32
Feb  2 09:24:06 cu-cs-vm kernel: [    0.000000] Kernel command line: BOOT_IMAGE=/boot/vmlinuz-4.15.18sssst root=UUID=a7adc8c1-e02a-478b-93ad-c06e060e0176 ro
Feb  2 09:24:06 cu-cs-vm kernel: [    0.000000] log_buf_len individual max cpu contribution: 4096 bytes
Feb  2 09:24:06 cu-cs-vm kernel: [    0.000000] log_buf_len total cpu_extra contributions: 520192 bytes
Feb  2 09:24:06 cu-cs-vm kernel: [    0.000000] log_buf_len min size: 262144 bytes
Feb  2 09:24:06 cu-cs-vm kernel: [    0.000000] log_buf_len: 1048576 bytes
Feb  2 09:24:06 cu-cs-vm kernel: [    0.000000] early log buf free: 237056(90%)
Feb  2 09:24:06 cu-cs-vm kernel: [    0.000000] Calgary: detecting Calgary via BIOS EBDA area
Feb  2 09:24:06 cu-cs-vm kernel: [    0.000000] Calgary: Unable to locate Rio Grande table in EBDA - bailing!
Feb  2 09:24:06 cu-cs-vm kernel: [    0.000000] Memory: 1568508K/2096628K available (12300K kernel code, 2480K rwdata, 4132K rodata, 2428K init, 2704K bss, 528120K reserved, 0K cma-reserved)
Feb  2 09:24:06 cu-cs-vm kernel: [    0.000000] SLUB: HWalign=64, Order=0-3, MinObjects=0, CPUs=128, Nodes=1
Feb  2 09:24:06 cu-cs-vm kernel: [    0.000000] Kernel/User page tables isolation: enabled
Feb  2 09:24:06 cu-cs-vm kernel: [    0.000000] ftrace: allocating 39199 entries in 154 pages
Feb  2 09:24:06 cu-cs-vm kernel: [    0.004000] Hierarchical RCU implementation.
Feb  2 09:24:06 cu-cs-vm kernel: [    0.004000] 	RCU restricting CPUs from NR_CPUS=8192 to nr_cpu_ids=128.
Feb  2 09:24:06 cu-cs-vm kernel: [    0.004000] 	Tasks RCU enabled.
Feb  2 09:24:06 cu-cs-vm kernel: [    0.004000] RCU: Adjusting geometry for rcu_fanout_leaf=16, nr_cpu_ids=128
Feb  2 09:24:06 cu-cs-vm kernel: [    0.004000] NR_IRQS: 524544, nr_irqs: 1448, preallocated irqs: 16
Feb  2 09:24:06 cu-cs-vm kernel: [    0.004000] Console: colour VGA+ 80x25
Feb  2 09:24:06 cu-cs-vm kernel: [    0.004000] console [tty0] enabled
Feb  2 09:24:06 cu-cs-vm kernel: [    0.004000] ACPI: Core revision 20170831
Feb  2 09:24:06 cu-cs-vm kernel: [    0.004000] ACPI: 1 ACPI AML tables successfully acquired and loaded
Feb  2 09:24:06 cu-cs-vm kernel: [    0.004000] APIC: Switch to symmetric I/O mode setup
Feb  2 09:24:06 cu-cs-vm kernel: [    0.004000] x2apic enabled
Feb  2 09:24:06 cu-cs-vm kernel: [    0.004000] Switched APIC routing to physical x2apic.
Feb  2 09:24:06 cu-cs-vm kernel: [    0.004000] tsc: Detected 3392.247 MHz processor
Feb  2 09:24:06 cu-cs-vm kernel: [    0.004000] Calibrating delay loop (skipped) preset value.. 6784.49 BogoMIPS (lpj=13568988)
Feb  2 09:24:06 cu-cs-vm kernel: [    0.004000] pid_max: default: 131072 minimum: 1024
Feb  2 09:24:06 cu-cs-vm kernel: [    0.004000] Security Framework initialized
Feb  2 09:24:06 cu-cs-vm kernel: [    0.004000] Yama: becoming mindful.
Feb  2 09:24:06 cu-cs-vm kernel: [    0.004000] AppArmor: AppArmor initialized
Feb  2 09:24:06 cu-cs-vm kernel: [    0.004000] Dentry cache hash table entries: 262144 (order: 9, 2097152 bytes)
Feb  2 09:24:06 cu-cs-vm kernel: [    0.004000] Inode-cache hash table entries: 131072 (order: 8, 1048576 bytes)
Feb  2 09:24:06 cu-cs-vm kernel: [    0.004000] Mount-cache hash table entries: 4096 (order: 3, 32768 bytes)
Feb  2 09:24:06 cu-cs-vm kernel: [    0.004000] Mountpoint-cache hash table entries: 4096 (order: 3, 32768 bytes)
Feb  2 09:24:06 cu-cs-vm kernel: [    0.004000] Disabled fast string operations
Feb  2 09:24:06 cu-cs-vm kernel: [    0.004000] Last level iTLB entries: 4KB 1024, 2MB 1024, 4MB 1024
Feb  2 09:24:06 cu-cs-vm kernel: [    0.004000] Last level dTLB entries: 4KB 1024, 2MB 1024, 4MB 1024, 1GB 4
Feb  2 09:24:06 cu-cs-vm kernel: [    0.004000] Spectre V1 : Mitigation: usercopy/swapgs barriers and __user pointer sanitization
Feb  2 09:24:06 cu-cs-vm kernel: [    0.004000] Spectre V2 : Mitigation: Full generic retpoline
Feb  2 09:24:06 cu-cs-vm kernel: [    0.004000] Spectre V2 : Spectre v2 / SpectreRSB mitigation: Filling RSB on context switch
Feb  2 09:24:06 cu-cs-vm kernel: [    0.004000] Spectre V2 : Enabling Restricted Speculation for firmware calls
Feb  2 09:24:06 cu-cs-vm kernel: [    0.004000] Spectre V2 : mitigation: Enabling conditional Indirect Branch Prediction Barrier
Feb  2 09:24:06 cu-cs-vm kernel: [    0.004000] Speculative Store Bypass: Mitigation: Speculative Store Bypass disabled via prctl and seccomp
Feb  2 09:24:06 cu-cs-vm kernel: [    0.004000] MDS: Mitigation: Clear CPU buffers
Feb  2 09:24:06 cu-cs-vm kernel: [    0.004000] Freeing SMP alternatives memory: 36K
Feb  2 09:24:06 cu-cs-vm kernel: [    0.004000] TSC deadline timer enabled
Feb  2 09:24:06 cu-cs-vm kernel: [    0.004000] smpboot: CPU0: Intel(R) Core(TM) i5-4670 CPU @ 3.40GHz (family: 0x6, model: 0x3c, stepping: 0x3)
Feb  2 09:24:06 cu-cs-vm kernel: [    0.004000] Performance Events: Haswell events, core PMU driver.
Feb  2 09:24:06 cu-cs-vm kernel: [    0.004000] core: CPUID marked event: 'cpu cycles' unavailable
Feb  2 09:24:06 cu-cs-vm kernel: [    0.004000] core: CPUID marked event: 'instructions' unavailable
Feb  2 09:24:06 cu-cs-vm kernel: [    0.004000] core: CPUID marked event: 'bus cycles' unavailable
Feb  2 09:24:06 cu-cs-vm kernel: [    0.004000] core: CPUID marked event: 'cache references' unavailable
Feb  2 09:24:06 cu-cs-vm kernel: [    0.004000] core: CPUID marked event: 'cache misses' unavailable
Feb  2 09:24:06 cu-cs-vm kernel: [    0.004000] core: CPUID marked event: 'branch instructions' unavailable
Feb  2 09:24:06 cu-cs-vm kernel: [    0.004000] core: CPUID marked event: 'branch misses' unavailable
Feb  2 09:24:06 cu-cs-vm kernel: [    0.004000] ... version:                1
Feb  2 09:24:06 cu-cs-vm kernel: [    0.004000] ... bit width:              48
Feb  2 09:24:06 cu-cs-vm kernel: [    0.004000] ... generic registers:      8
Feb  2 09:24:06 cu-cs-vm kernel: [    0.004000] ... value mask:             0000ffffffffffff
Feb  2 09:24:06 cu-cs-vm kernel: [    0.004000] ... max period:             000000007fffffff
Feb  2 09:24:06 cu-cs-vm kernel: [    0.004000] ... fixed-purpose events:   0
Feb  2 09:24:06 cu-cs-vm kernel: [    0.004000] ... event mask:             00000000000000ff
Feb  2 09:24:06 cu-cs-vm kernel: [    0.004000] Hierarchical SRCU implementation.
Feb  2 09:24:06 cu-cs-vm kernel: [    0.004000] NMI watchdog: Perf event create on CPU 0 failed with -2
Feb  2 09:24:06 cu-cs-vm kernel: [    0.004000] NMI watchdog: Perf NMI watchdog permanently disabled
Feb  2 09:24:06 cu-cs-vm kernel: [    0.012773] smp: Bringing up secondary CPUs ...
Feb  2 09:24:06 cu-cs-vm kernel: [    0.013358] x86: Booting SMP configuration:
Feb  2 09:24:06 cu-cs-vm kernel: [    0.013478] .... node  #0, CPUs:          #1
Feb  2 09:24:06 cu-cs-vm kernel: [    0.004000] Disabled fast string operations
Feb  2 09:24:06 cu-cs-vm kernel: [    0.004000] smpboot: CPU 1 Converting physical 2 to logical package 1
Feb  2 09:24:06 cu-cs-vm kernel: [    0.014348] smp: Brought up 1 node, 2 CPUs
Feb  2 09:24:06 cu-cs-vm kernel: [    0.014348] smpboot: Max logical packages: 128
Feb  2 09:24:06 cu-cs-vm kernel: [    0.014348] smpboot: Total of 2 processors activated (13568.98 BogoMIPS)
Feb  2 09:24:06 cu-cs-vm kernel: [    0.014348] devtmpfs: initialized
Feb  2 09:24:06 cu-cs-vm kernel: [    0.016073] x86/mm: Memory block size: 128MB
Feb  2 09:24:06 cu-cs-vm kernel: [    0.016301] evm: security.selinux
Feb  2 09:24:06 cu-cs-vm kernel: [    0.016330] evm: security.SMACK64
Feb  2 09:24:06 cu-cs-vm kernel: [    0.016357] evm: security.SMACK64EXEC
Feb  2 09:24:06 cu-cs-vm kernel: [    0.016385] evm: security.SMACK64TRANSMUTE
Feb  2 09:24:06 cu-cs-vm kernel: [    0.016415] evm: security.SMACK64MMAP
Feb  2 09:24:06 cu-cs-vm kernel: [    0.016443] evm: security.apparmor
Feb  2 09:24:06 cu-cs-vm kernel: [    0.016469] evm: security.ima
Feb  2 09:24:06 cu-cs-vm kernel: [    0.016494] evm: security.capability
Feb  2 09:24:06 cu-cs-vm kernel: [    0.016660] PM: Registering ACPI NVS region [mem 0x7feff000-0x7fefffff] (4096 bytes)
Feb  2 09:24:06 cu-cs-vm kernel: [    0.016660] clocksource: jiffies: mask: 0xffffffff max_cycles: 0xffffffff, max_idle_ns: 7645041785100000 ns
Feb  2 09:24:06 cu-cs-vm kernel: [    0.016660] futex hash table entries: 32768 (order: 9, 2097152 bytes)
Feb  2 09:24:06 cu-cs-vm kernel: [    0.016891] pinctrl core: initialized pinctrl subsystem
Feb  2 09:24:06 cu-cs-vm kernel: [    0.017127] RTC time: 16:23:51, date: 02/02/20
Feb  2 09:24:06 cu-cs-vm kernel: [    0.017397] NET: Registered protocol family 16
Feb  2 09:24:06 cu-cs-vm kernel: [    0.017484] audit: initializing netlink subsys (disabled)
Feb  2 09:24:06 cu-cs-vm kernel: [    0.017617] audit: type=2000 audit(1580660631.016:1): state=initialized audit_enabled=0 res=1
Feb  2 09:24:06 cu-cs-vm kernel: [    0.017617] cpuidle: using governor ladder
Feb  2 09:24:06 cu-cs-vm kernel: [    0.017617] cpuidle: using governor menu
Feb  2 09:24:06 cu-cs-vm kernel: [    0.017617] Simple Boot Flag at 0x36 set to 0x80
Feb  2 09:24:06 cu-cs-vm kernel: [    0.017617] ACPI: bus type PCI registered
Feb  2 09:24:06 cu-cs-vm kernel: [    0.017617] acpiphp: ACPI Hot Plug PCI Controller Driver version: 0.5
Feb  2 09:24:06 cu-cs-vm kernel: [    0.017617] PCI: MMCONFIG for domain 0000 [bus 00-7f] at [mem 0xf0000000-0xf7ffffff] (base 0xf0000000)
Feb  2 09:24:06 cu-cs-vm kernel: [    0.017617] PCI: MMCONFIG at [mem 0xf0000000-0xf7ffffff] reserved in E820
Feb  2 09:24:06 cu-cs-vm kernel: [    0.017617] PCI: Using configuration type 1 for base access
Feb  2 09:24:06 cu-cs-vm kernel: [    0.017617] core: PMU erratum BJ122, BV98, HSD29 workaround disabled, HT off
Feb  2 09:24:06 cu-cs-vm kernel: [    0.020652] HugeTLB registered 1.00 GiB page size, pre-allocated 0 pages
Feb  2 09:24:06 cu-cs-vm kernel: [    0.020652] HugeTLB registered 2.00 MiB page size, pre-allocated 0 pages
Feb  2 09:24:06 cu-cs-vm kernel: [    0.020652] ACPI: Added _OSI(Module Device)
Feb  2 09:24:06 cu-cs-vm kernel: [    0.020652] ACPI: Added _OSI(Processor Device)
Feb  2 09:24:06 cu-cs-vm kernel: [    0.020652] ACPI: Added _OSI(3.0 _SCP Extensions)
Feb  2 09:24:06 cu-cs-vm kernel: [    0.020652] ACPI: Added _OSI(Processor Aggregator Device)
Feb  2 09:24:06 cu-cs-vm kernel: [    0.020652] ACPI: Added _OSI(Linux-Dell-Video)
Feb  2 09:24:06 cu-cs-vm kernel: [    0.020652] ACPI: Added _OSI(Linux-Lenovo-NV-HDMI-Audio)
Feb  2 09:24:06 cu-cs-vm kernel: [    0.020652] ACPI: Added _OSI(Linux-HPI-Hybrid-Graphics)
Feb  2 09:24:06 cu-cs-vm kernel: [    0.027922] ACPI: [Firmware Bug]: BIOS _OSI(Linux) query ignored
Feb  2 09:24:06 cu-cs-vm kernel: [    0.051828] ACPI: Interpreter enabled
Feb  2 09:24:06 cu-cs-vm kernel: [    0.051880] ACPI: (supports S0 S1 S4 S5)
Feb  2 09:24:06 cu-cs-vm kernel: [    0.051910] ACPI: Using IOAPIC for interrupt routing
Feb  2 09:24:06 cu-cs-vm kernel: [    0.051975] PCI: Using host bridge windows from ACPI; if necessary, use "pci=nocrs" and report a bug
Feb  2 09:24:06 cu-cs-vm kernel: [    0.052788] ACPI: Enabled 4 GPEs in block 00 to 0F
Feb  2 09:24:06 cu-cs-vm kernel: [    0.136363] ACPI: PCI Root Bridge [PCI0] (domain 0000 [bus 00-7f])
Feb  2 09:24:06 cu-cs-vm kernel: [    0.136419] acpi PNP0A03:00: _OSC: OS supports [ExtendedConfig ASPM ClockPM Segments MSI]
Feb  2 09:24:06 cu-cs-vm kernel: [    0.136690] acpi PNP0A03:00: _OSC: platform does not support [AER]
Feb  2 09:24:06 cu-cs-vm kernel: [    0.136947] acpi PNP0A03:00: _OSC: OS now controls [PCIeHotplug PME PCIeCapability]
Feb  2 09:24:06 cu-cs-vm kernel: [    0.139778] PCI host bridge to bus 0000:00
Feb  2 09:24:06 cu-cs-vm kernel: [    0.139821] pci_bus 0000:00: root bus resource [mem 0x000a0000-0x000bffff window]
Feb  2 09:24:06 cu-cs-vm kernel: [    0.139877] pci_bus 0000:00: root bus resource [mem 0x000cc000-0x000cffff window]
Feb  2 09:24:06 cu-cs-vm kernel: [    0.139932] pci_bus 0000:00: root bus resource [mem 0x000d0000-0x000d3fff window]
Feb  2 09:24:06 cu-cs-vm kernel: [    0.139994] pci_bus 0000:00: root bus resource [mem 0x000d4000-0x000d7fff window]
Feb  2 09:24:06 cu-cs-vm kernel: [    0.140004] pci_bus 0000:00: root bus resource [mem 0x000d8000-0x000dbfff window]
Feb  2 09:24:06 cu-cs-vm kernel: [    0.140053] pci_bus 0000:00: root bus resource [mem 0xc0000000-0xfebfffff window]
Feb  2 09:24:06 cu-cs-vm kernel: [    0.140102] pci_bus 0000:00: root bus resource [io  0x0000-0x0cf7 window]
Feb  2 09:24:06 cu-cs-vm kernel: [    0.140146] pci_bus 0000:00: root bus resource [io  0x0d00-0xfeff window]
Feb  2 09:24:06 cu-cs-vm kernel: [    0.140189] pci_bus 0000:00: root bus resource [bus 00-7f]
Feb  2 09:24:06 cu-cs-vm kernel: [    0.140291] pci 0000:00:00.0: [8086:7190] type 00 class 0x060000
Feb  2 09:24:06 cu-cs-vm kernel: [    0.141124] pci 0000:00:01.0: [8086:7191] type 01 class 0x060400
Feb  2 09:24:06 cu-cs-vm kernel: [    0.141799] pci 0000:00:07.0: [8086:7110] type 00 class 0x060100
Feb  2 09:24:06 cu-cs-vm kernel: [    0.142767] pci 0000:00:07.1: [8086:7111] type 00 class 0x01018a
Feb  2 09:24:06 cu-cs-vm kernel: [    0.144129] pci 0000:00:07.1: reg 0x20: [io  0x1060-0x106f]
Feb  2 09:24:06 cu-cs-vm kernel: [    0.144621] pci 0000:00:07.1: legacy IDE quirk: reg 0x10: [io  0x01f0-0x01f7]
Feb  2 09:24:06 cu-cs-vm kernel: [    0.144672] pci 0000:00:07.1: legacy IDE quirk: reg 0x14: [io  0x03f6]
Feb  2 09:24:06 cu-cs-vm kernel: [    0.144716] pci 0000:00:07.1: legacy IDE quirk: reg 0x18: [io  0x0170-0x0177]
Feb  2 09:24:06 cu-cs-vm kernel: [    0.144762] pci 0000:00:07.1: legacy IDE quirk: reg 0x1c: [io  0x0376]
Feb  2 09:24:06 cu-cs-vm kernel: [    0.145094] pci 0000:00:07.3: [8086:7113] type 00 class 0x068000
Feb  2 09:24:06 cu-cs-vm kernel: [    0.146764] pci 0000:00:07.3: quirk: [io  0x1000-0x103f] claimed by PIIX4 ACPI
Feb  2 09:24:06 cu-cs-vm kernel: [    0.146841] pci 0000:00:07.3: quirk: [io  0x1040-0x104f] claimed by PIIX4 SMB
Feb  2 09:24:06 cu-cs-vm kernel: [    0.147315] pci 0000:00:07.7: [15ad:0740] type 00 class 0x088000
Feb  2 09:24:06 cu-cs-vm kernel: [    0.147857] pci 0000:00:07.7: reg 0x10: [io  0x1080-0x10bf]
Feb  2 09:24:06 cu-cs-vm kernel: [    0.148376] pci 0000:00:07.7: reg 0x14: [mem 0xfebfe000-0xfebfffff 64bit]
Feb  2 09:24:06 cu-cs-vm kernel: [    0.151168] pci 0000:00:0f.0: [15ad:0405] type 00 class 0x030000
Feb  2 09:24:06 cu-cs-vm kernel: [    0.154064] pci 0000:00:0f.0: reg 0x10: [io  0x1070-0x107f]
Feb  2 09:24:06 cu-cs-vm kernel: [    0.156012] pci 0000:00:0f.0: reg 0x14: [mem 0xe8000000-0xefffffff pref]
Feb  2 09:24:06 cu-cs-vm kernel: [    0.157981] pci 0000:00:0f.0: reg 0x18: [mem 0xfe000000-0xfe7fffff]
Feb  2 09:24:06 cu-cs-vm kernel: [    0.163912] pci 0000:00:0f.0: reg 0x30: [mem 0x00000000-0x00007fff pref]
Feb  2 09:24:06 cu-cs-vm kernel: [    0.164607] pci 0000:00:10.0: [1000:0030] type 00 class 0x010000
Feb  2 09:24:06 cu-cs-vm kernel: [    0.165362] pci 0000:00:10.0: reg 0x10: [io  0x1400-0x14ff]
Feb  2 09:24:06 cu-cs-vm kernel: [    0.166032] pci 0000:00:10.0: reg 0x14: [mem 0xfeba0000-0xfebbffff 64bit]
Feb  2 09:24:06 cu-cs-vm kernel: [    0.166696] pci 0000:00:10.0: reg 0x1c: [mem 0xfebc0000-0xfebdffff 64bit]
Feb  2 09:24:06 cu-cs-vm kernel: [    0.168005] pci 0000:00:10.0: reg 0x30: [mem 0x00000000-0x00003fff pref]
Feb  2 09:24:06 cu-cs-vm kernel: [    0.168514] pci 0000:00:11.0: [15ad:0790] type 01 class 0x060401
Feb  2 09:24:06 cu-cs-vm kernel: [    0.169555] pci 0000:00:15.0: [15ad:07a0] type 01 class 0x060400
Feb  2 09:24:06 cu-cs-vm kernel: [    0.170579] pci 0000:00:15.0: PME# supported from D0 D3hot D3cold
Feb  2 09:24:06 cu-cs-vm kernel: [    0.170977] pci 0000:00:15.1: [15ad:07a0] type 01 class 0x060400
Feb  2 09:24:06 cu-cs-vm kernel: [    0.171982] pci 0000:00:15.1: PME# supported from D0 D3hot D3cold
Feb  2 09:24:06 cu-cs-vm kernel: [    0.172363] pci 0000:00:15.2: [15ad:07a0] type 01 class 0x060400
Feb  2 09:24:06 cu-cs-vm kernel: [    0.173356] pci 0000:00:15.2: PME# supported from D0 D3hot D3cold
Feb  2 09:24:06 cu-cs-vm kernel: [    0.173747] pci 0000:00:15.3: [15ad:07a0] type 01 class 0x060400
Feb  2 09:24:06 cu-cs-vm kernel: [    0.174736] pci 0000:00:15.3: PME# supported from D0 D3hot D3cold
Feb  2 09:24:06 cu-cs-vm kernel: [    0.175182] pci 0000:00:15.4: [15ad:07a0] type 01 class 0x060400
Feb  2 09:24:06 cu-cs-vm kernel: [    0.176295] pci 0000:00:15.4: PME# supported from D0 D3hot D3cold
Feb  2 09:24:06 cu-cs-vm kernel: [    0.176782] pci 0000:00:15.5: [15ad:07a0] type 01 class 0x060400
Feb  2 09:24:06 cu-cs-vm kernel: [    0.177742] pci 0000:00:15.5: PME# supported from D0 D3hot D3cold
Feb  2 09:24:06 cu-cs-vm kernel: [    0.178124] pci 0000:00:15.6: [15ad:07a0] type 01 class 0x060400
Feb  2 09:24:06 cu-cs-vm kernel: [    0.179271] pci 0000:00:15.6: PME# supported from D0 D3hot D3cold
Feb  2 09:24:06 cu-cs-vm kernel: [    0.179724] pci 0000:00:15.7: [15ad:07a0] type 01 class 0x060400
Feb  2 09:24:06 cu-cs-vm kernel: [    0.180726] pci 0000:00:15.7: PME# supported from D0 D3hot D3cold
Feb  2 09:24:06 cu-cs-vm kernel: [    0.181108] pci 0000:00:16.0: [15ad:07a0] type 01 class 0x060400
Feb  2 09:24:06 cu-cs-vm kernel: [    0.182071] pci 0000:00:16.0: PME# supported from D0 D3hot D3cold
Feb  2 09:24:06 cu-cs-vm kernel: [    0.182440] pci 0000:00:16.1: [15ad:07a0] type 01 class 0x060400
Feb  2 09:24:06 cu-cs-vm kernel: [    0.183443] pci 0000:00:16.1: PME# supported from D0 D3hot D3cold
Feb  2 09:24:06 cu-cs-vm kernel: [    0.183815] pci 0000:00:16.2: [15ad:07a0] type 01 class 0x060400
Feb  2 09:24:06 cu-cs-vm kernel: [    0.184762] pci 0000:00:16.2: PME# supported from D0 D3hot D3cold
Feb  2 09:24:06 cu-cs-vm kernel: [    0.185140] pci 0000:00:16.3: [15ad:07a0] type 01 class 0x060400
Feb  2 09:24:06 cu-cs-vm kernel: [    0.186187] pci 0000:00:16.3: PME# supported from D0 D3hot D3cold
Feb  2 09:24:06 cu-cs-vm kernel: [    0.186560] pci 0000:00:16.4: [15ad:07a0] type 01 class 0x060400
Feb  2 09:24:06 cu-cs-vm kernel: [    0.187829] pci 0000:00:16.4: PME# supported from D0 D3hot D3cold
Feb  2 09:24:06 cu-cs-vm kernel: [    0.188251] pci 0000:00:16.5: [15ad:07a0] type 01 class 0x060400
Feb  2 09:24:06 cu-cs-vm kernel: [    0.189291] pci 0000:00:16.5: PME# supported from D0 D3hot D3cold
Feb  2 09:24:06 cu-cs-vm kernel: [    0.189664] pci 0000:00:16.6: [15ad:07a0] type 01 class 0x060400
Feb  2 09:24:06 cu-cs-vm kernel: [    0.190804] pci 0000:00:16.6: PME# supported from D0 D3hot D3cold
Feb  2 09:24:06 cu-cs-vm kernel: [    0.191221] pci 0000:00:16.7: [15ad:07a0] type 01 class 0x060400
Feb  2 09:24:06 cu-cs-vm kernel: [    0.192225] pci 0000:00:16.7: PME# supported from D0 D3hot D3cold
Feb  2 09:24:06 cu-cs-vm kernel: [    0.192600] pci 0000:00:17.0: [15ad:07a0] type 01 class 0x060400
Feb  2 09:24:06 cu-cs-vm kernel: [    0.193561] pci 0000:00:17.0: PME# supported from D0 D3hot D3cold
Feb  2 09:24:06 cu-cs-vm kernel: [    0.194028] pci 0000:00:17.1: [15ad:07a0] type 01 class 0x060400
Feb  2 09:24:06 cu-cs-vm kernel: [    0.195226] pci 0000:00:17.1: PME# supported from D0 D3hot D3cold
Feb  2 09:24:06 cu-cs-vm kernel: [    0.195717] pci 0000:00:17.2: [15ad:07a0] type 01 class 0x060400
Feb  2 09:24:06 cu-cs-vm kernel: [    0.196847] pci 0000:00:17.2: PME# supported from D0 D3hot D3cold
Feb  2 09:24:06 cu-cs-vm kernel: [    0.197315] pci 0000:00:17.3: [15ad:07a0] type 01 class 0x060400
Feb  2 09:24:06 cu-cs-vm kernel: [    0.198341] pci 0000:00:17.3: PME# supported from D0 D3hot D3cold
Feb  2 09:24:06 cu-cs-vm kernel: [    0.198728] pci 0000:00:17.4: [15ad:07a0] type 01 class 0x060400
Feb  2 09:24:06 cu-cs-vm kernel: [    0.199697] pci 0000:00:17.4: PME# supported from D0 D3hot D3cold
Feb  2 09:24:06 cu-cs-vm kernel: [    0.200090] pci 0000:00:17.5: [15ad:07a0] type 01 class 0x060400
Feb  2 09:24:06 cu-cs-vm kernel: [    0.201136] pci 0000:00:17.5: PME# supported from D0 D3hot D3cold
Feb  2 09:24:06 cu-cs-vm kernel: [    0.201529] pci 0000:00:17.6: [15ad:07a0] type 01 class 0x060400
Feb  2 09:24:06 cu-cs-vm kernel: [    0.202501] pci 0000:00:17.6: PME# supported from D0 D3hot D3cold
Feb  2 09:24:06 cu-cs-vm kernel: [    0.202931] pci 0000:00:17.7: [15ad:07a0] type 01 class 0x060400
Feb  2 09:24:06 cu-cs-vm kernel: [    0.203992] pci 0000:00:17.7: PME# supported from D0 D3hot D3cold
Feb  2 09:24:06 cu-cs-vm kernel: [    0.204370] pci 0000:00:18.0: [15ad:07a0] type 01 class 0x060400
Feb  2 09:24:06 cu-cs-vm kernel: [    0.205408] pci 0000:00:18.0: PME# supported from D0 D3hot D3cold
Feb  2 09:24:06 cu-cs-vm kernel: [    0.205788] pci 0000:00:18.1: [15ad:07a0] type 01 class 0x060400
Feb  2 09:24:06 cu-cs-vm kernel: [    0.206770] pci 0000:00:18.1: PME# supported from D0 D3hot D3cold
Feb  2 09:24:06 cu-cs-vm kernel: [    0.207146] pci 0000:00:18.2: [15ad:07a0] type 01 class 0x060400
Feb  2 09:24:06 cu-cs-vm kernel: [    0.208115] pci 0000:00:18.2: PME# supported from D0 D3hot D3cold
Feb  2 09:24:06 cu-cs-vm kernel: [    0.208498] pci 0000:00:18.3: [15ad:07a0] type 01 class 0x060400
Feb  2 09:24:06 cu-cs-vm kernel: [    0.209462] pci 0000:00:18.3: PME# supported from D0 D3hot D3cold
Feb  2 09:24:06 cu-cs-vm kernel: [    0.209836] pci 0000:00:18.4: [15ad:07a0] type 01 class 0x060400
Feb  2 09:24:06 cu-cs-vm kernel: [    0.210838] pci 0000:00:18.4: PME# supported from D0 D3hot D3cold
Feb  2 09:24:06 cu-cs-vm kernel: [    0.211214] pci 0000:00:18.5: [15ad:07a0] type 01 class 0x060400
Feb  2 09:24:06 cu-cs-vm kernel: [    0.212200] pci 0000:00:18.5: PME# supported from D0 D3hot D3cold
Feb  2 09:24:06 cu-cs-vm kernel: [    0.212580] pci 0000:00:18.6: [15ad:07a0] type 01 class 0x060400
Feb  2 09:24:06 cu-cs-vm kernel: [    0.213549] pci 0000:00:18.6: PME# supported from D0 D3hot D3cold
Feb  2 09:24:06 cu-cs-vm kernel: [    0.213923] pci 0000:00:18.7: [15ad:07a0] type 01 class 0x060400
Feb  2 09:24:06 cu-cs-vm kernel: [    0.214892] pci 0000:00:18.7: PME# supported from D0 D3hot D3cold
Feb  2 09:24:06 cu-cs-vm kernel: [    0.215422] pci 0000:00:01.0: PCI bridge to [bus 01]
Feb  2 09:24:06 cu-cs-vm kernel: [    0.215899] acpiphp: Slot [32] registered
Feb  2 09:24:06 cu-cs-vm kernel: [    0.215981] acpiphp: Slot [33] registered
Feb  2 09:24:06 cu-cs-vm kernel: [    0.216054] acpiphp: Slot [34] registered
Feb  2 09:24:06 cu-cs-vm kernel: [    0.216136] acpiphp: Slot [35] registered
Feb  2 09:24:06 cu-cs-vm kernel: [    0.216219] acpiphp: Slot [36] registered
Feb  2 09:24:06 cu-cs-vm kernel: [    0.216298] acpiphp: Slot [37] registered
Feb  2 09:24:06 cu-cs-vm kernel: [    0.216376] acpiphp: Slot [38] registered
Feb  2 09:24:06 cu-cs-vm kernel: [    0.216454] acpiphp: Slot [39] registered
Feb  2 09:24:06 cu-cs-vm kernel: [    0.216531] acpiphp: Slot [40] registered
Feb  2 09:24:06 cu-cs-vm kernel: [    0.216608] acpiphp: Slot [41] registered
Feb  2 09:24:06 cu-cs-vm kernel: [    0.216686] acpiphp: Slot [42] registered
Feb  2 09:24:06 cu-cs-vm kernel: [    0.216763] acpiphp: Slot [43] registered
Feb  2 09:24:06 cu-cs-vm kernel: [    0.216841] acpiphp: Slot [44] registered
Feb  2 09:24:06 cu-cs-vm kernel: [    0.216918] acpiphp: Slot [45] registered
Feb  2 09:24:06 cu-cs-vm kernel: [    0.216996] acpiphp: Slot [46] registered
Feb  2 09:24:06 cu-cs-vm kernel: [    0.217073] acpiphp: Slot [47] registered
Feb  2 09:24:06 cu-cs-vm kernel: [    0.217154] acpiphp: Slot [48] registered
Feb  2 09:24:06 cu-cs-vm kernel: [    0.217232] acpiphp: Slot [49] registered
Feb  2 09:24:06 cu-cs-vm kernel: [    0.217310] acpiphp: Slot [50] registered
Feb  2 09:24:06 cu-cs-vm kernel: [    0.217388] acpiphp: Slot [51] registered
Feb  2 09:24:06 cu-cs-vm kernel: [    0.217465] acpiphp: Slot [52] registered
Feb  2 09:24:06 cu-cs-vm kernel: [    0.217542] acpiphp: Slot [53] registered
Feb  2 09:24:06 cu-cs-vm kernel: [    0.217619] acpiphp: Slot [54] registered
Feb  2 09:24:06 cu-cs-vm kernel: [    0.217713] acpiphp: Slot [55] registered
Feb  2 09:24:06 cu-cs-vm kernel: [    0.217799] acpiphp: Slot [56] registered
Feb  2 09:24:06 cu-cs-vm kernel: [    0.217886] acpiphp: Slot [57] registered
Feb  2 09:24:06 cu-cs-vm kernel: [    0.217978] acpiphp: Slot [58] registered
Feb  2 09:24:06 cu-cs-vm kernel: [    0.218066] acpiphp: Slot [59] registered
Feb  2 09:24:06 cu-cs-vm kernel: [    0.218157] acpiphp: Slot [60] registered
Feb  2 09:24:06 cu-cs-vm kernel: [    0.218244] acpiphp: Slot [61] registered
Feb  2 09:24:06 cu-cs-vm kernel: [    0.218330] acpiphp: Slot [62] registered
Feb  2 09:24:06 cu-cs-vm kernel: [    0.218417] acpiphp: Slot [63] registered
Feb  2 09:24:06 cu-cs-vm kernel: [    0.218555] pci 0000:02:00.0: [15ad:0774] type 00 class 0x0c0300
Feb  2 09:24:06 cu-cs-vm kernel: [    0.219952] pci 0000:02:00.0: reg 0x20: [io  0x2040-0x205f]
Feb  2 09:24:06 cu-cs-vm kernel: [    0.220906] pci 0000:02:01.0: [8086:100f] type 00 class 0x020000
Feb  2 09:24:06 cu-cs-vm kernel: [    0.221714] pci 0000:02:01.0: reg 0x10: [mem 0xfd5c0000-0xfd5dffff 64bit]
Feb  2 09:24:06 cu-cs-vm kernel: [    0.222576] pci 0000:02:01.0: reg 0x18: [mem 0xfdff0000-0xfdffffff 64bit]
Feb  2 09:24:06 cu-cs-vm kernel: [    0.223393] pci 0000:02:01.0: reg 0x20: [io  0x2000-0x203f]
Feb  2 09:24:06 cu-cs-vm kernel: [    0.224916] pci 0000:02:01.0: reg 0x30: [mem 0x00000000-0x0000ffff pref]
Feb  2 09:24:06 cu-cs-vm kernel: [    0.225300] pci 0000:02:01.0: PME# supported from D0 D3hot D3cold
Feb  2 09:24:06 cu-cs-vm kernel: [    0.225578] pci 0000:02:02.0: [15ad:0770] type 00 class 0x0c0320
Feb  2 09:24:06 cu-cs-vm kernel: [    0.226074] pci 0000:02:02.0: reg 0x10: [mem 0xfd5ef000-0xfd5effff]
Feb  2 09:24:06 cu-cs-vm kernel: [    0.229161] pci 0000:02:04.0: [15ad:07e0] type 00 class 0x010601
Feb  2 09:24:06 cu-cs-vm kernel: [    0.231266] pci 0000:02:04.0: reg 0x24: [mem 0xfd5ee000-0xfd5eefff]
Feb  2 09:24:06 cu-cs-vm kernel: [    0.231575] pci 0000:02:04.0: reg 0x30: [mem 0x00000000-0x0000ffff pref]
Feb  2 09:24:06 cu-cs-vm kernel: [    0.232079] pci 0000:02:04.0: PME# supported from D3hot
Feb  2 09:24:06 cu-cs-vm kernel: [    0.232808] pci 0000:00:11.0: PCI bridge to [bus 02] (subtractive decode)
Feb  2 09:24:06 cu-cs-vm kernel: [    0.232895] pci 0000:00:11.0:   bridge window [io  0x2000-0x3fff]
Feb  2 09:24:06 cu-cs-vm kernel: [    0.232924] pci 0000:00:11.0:   bridge window [mem 0xfd500000-0xfdffffff]
Feb  2 09:24:06 cu-cs-vm kernel: [    0.232981] pci 0000:00:11.0:   bridge window [mem 0xe7b00000-0xe7ffffff 64bit pref]
Feb  2 09:24:06 cu-cs-vm kernel: [    0.232982] pci 0000:00:11.0:   bridge window [mem 0x000a0000-0x000bffff window] (subtractive decode)
Feb  2 09:24:06 cu-cs-vm kernel: [    0.232983] pci 0000:00:11.0:   bridge window [mem 0x000cc000-0x000cffff window] (subtractive decode)
Feb  2 09:24:06 cu-cs-vm kernel: [    0.232983] pci 0000:00:11.0:   bridge window [mem 0x000d0000-0x000d3fff window] (subtractive decode)
Feb  2 09:24:06 cu-cs-vm kernel: [    0.232984] pci 0000:00:11.0:   bridge window [mem 0x000d4000-0x000d7fff window] (subtractive decode)
Feb  2 09:24:06 cu-cs-vm kernel: [    0.232985] pci 0000:00:11.0:   bridge window [mem 0x000d8000-0x000dbfff window] (subtractive decode)
Feb  2 09:24:06 cu-cs-vm kernel: [    0.232985] pci 0000:00:11.0:   bridge window [mem 0xc0000000-0xfebfffff window] (subtractive decode)
Feb  2 09:24:06 cu-cs-vm kernel: [    0.232986] pci 0000:00:11.0:   bridge window [io  0x0000-0x0cf7 window] (subtractive decode)
Feb  2 09:24:06 cu-cs-vm kernel: [    0.232987] pci 0000:00:11.0:   bridge window [io  0x0d00-0xfeff window] (subtractive decode)
Feb  2 09:24:06 cu-cs-vm kernel: [    0.233410] pci 0000:00:15.0: PCI bridge to [bus 03]
Feb  2 09:24:06 cu-cs-vm kernel: [    0.233483] pci 0000:00:15.0:   bridge window [io  0x4000-0x4fff]
Feb  2 09:24:06 cu-cs-vm kernel: [    0.233512] pci 0000:00:15.0:   bridge window [mem 0xfd400000-0xfd4fffff]
Feb  2 09:24:06 cu-cs-vm kernel: [    0.233573] pci 0000:00:15.0:   bridge window [mem 0xe7a00000-0xe7afffff 64bit pref]
Feb  2 09:24:06 cu-cs-vm kernel: [    0.233940] pci 0000:00:15.1: PCI bridge to [bus 04]
Feb  2 09:24:06 cu-cs-vm kernel: [    0.234005] pci 0000:00:15.1:   bridge window [io  0x8000-0x8fff]
Feb  2 09:24:06 cu-cs-vm kernel: [    0.234031] pci 0000:00:15.1:   bridge window [mem 0xfd000000-0xfd0fffff]
Feb  2 09:24:06 cu-cs-vm kernel: [    0.234081] pci 0000:00:15.1:   bridge window [mem 0xe7600000-0xe76fffff 64bit pref]
Feb  2 09:24:06 cu-cs-vm kernel: [    0.234553] pci 0000:00:15.2: PCI bridge to [bus 05]
Feb  2 09:24:06 cu-cs-vm kernel: [    0.234620] pci 0000:00:15.2:   bridge window [io  0xc000-0xcfff]
Feb  2 09:24:06 cu-cs-vm kernel: [    0.234647] pci 0000:00:15.2:   bridge window [mem 0xfcc00000-0xfccfffff]
Feb  2 09:24:06 cu-cs-vm kernel: [    0.234699] pci 0000:00:15.2:   bridge window [mem 0xe7200000-0xe72fffff 64bit pref]
Feb  2 09:24:06 cu-cs-vm kernel: [    0.235081] pci 0000:00:15.3: PCI bridge to [bus 06]
Feb  2 09:24:06 cu-cs-vm kernel: [    0.235175] pci 0000:00:15.3:   bridge window [mem 0xfc800000-0xfc8fffff]
Feb  2 09:24:06 cu-cs-vm kernel: [    0.235238] pci 0000:00:15.3:   bridge window [mem 0xe6e00000-0xe6efffff 64bit pref]
Feb  2 09:24:06 cu-cs-vm kernel: [    0.235793] pci 0000:00:15.4: PCI bridge to [bus 07]
Feb  2 09:24:06 cu-cs-vm kernel: [    0.235894] pci 0000:00:15.4:   bridge window [mem 0xfc400000-0xfc4fffff]
Feb  2 09:24:06 cu-cs-vm kernel: [    0.235945] pci 0000:00:15.4:   bridge window [mem 0xe6a00000-0xe6afffff 64bit pref]
Feb  2 09:24:06 cu-cs-vm kernel: [    0.236384] pci 0000:00:15.5: PCI bridge to [bus 08]
Feb  2 09:24:06 cu-cs-vm kernel: [    0.236504] pci 0000:00:15.5:   bridge window [mem 0xfc000000-0xfc0fffff]
Feb  2 09:24:06 cu-cs-vm kernel: [    0.236558] pci 0000:00:15.5:   bridge window [mem 0xe6600000-0xe66fffff 64bit pref]
Feb  2 09:24:06 cu-cs-vm kernel: [    0.236986] pci 0000:00:15.6: PCI bridge to [bus 09]
Feb  2 09:24:06 cu-cs-vm kernel: [    0.237094] pci 0000:00:15.6:   bridge window [mem 0xfbc00000-0xfbcfffff]
Feb  2 09:24:06 cu-cs-vm kernel: [    0.237152] pci 0000:00:15.6:   bridge window [mem 0xe6200000-0xe62fffff 64bit pref]
Feb  2 09:24:06 cu-cs-vm kernel: [    0.237908] pci 0000:00:15.7: PCI bridge to [bus 0a]
Feb  2 09:24:06 cu-cs-vm kernel: [    0.238055] pci 0000:00:15.7:   bridge window [mem 0xfb800000-0xfb8fffff]
Feb  2 09:24:06 cu-cs-vm kernel: [    0.238234] pci 0000:00:15.7:   bridge window [mem 0xe5e00000-0xe5efffff 64bit pref]
Feb  2 09:24:06 cu-cs-vm kernel: [    0.238708] pci 0000:00:16.0: PCI bridge to [bus 0b]
Feb  2 09:24:06 cu-cs-vm kernel: [    0.238786] pci 0000:00:16.0:   bridge window [io  0x5000-0x5fff]
Feb  2 09:24:06 cu-cs-vm kernel: [    0.238816] pci 0000:00:16.0:   bridge window [mem 0xfd300000-0xfd3fffff]
Feb  2 09:24:06 cu-cs-vm kernel: [    0.238875] pci 0000:00:16.0:   bridge window [mem 0xe7900000-0xe79fffff 64bit pref]
Feb  2 09:24:06 cu-cs-vm kernel: [    0.239295] pci 0000:00:16.1: PCI bridge to [bus 0c]
Feb  2 09:24:06 cu-cs-vm kernel: [    0.239368] pci 0000:00:16.1:   bridge window [io  0x9000-0x9fff]
Feb  2 09:24:06 cu-cs-vm kernel: [    0.239397] pci 0000:00:16.1:   bridge window [mem 0xfcf00000-0xfcffffff]
Feb  2 09:24:06 cu-cs-vm kernel: [    0.239454] pci 0000:00:16.1:   bridge window [mem 0xe7500000-0xe75fffff 64bit pref]
Feb  2 09:24:06 cu-cs-vm kernel: [    0.239899] pci 0000:00:16.2: PCI bridge to [bus 0d]
Feb  2 09:24:06 cu-cs-vm kernel: [    0.239978] pci 0000:00:16.2:   bridge window [io  0xd000-0xdfff]
Feb  2 09:24:06 cu-cs-vm kernel: [    0.240005] pci 0000:00:16.2:   bridge window [mem 0xfcb00000-0xfcbfffff]
Feb  2 09:24:06 cu-cs-vm kernel: [    0.240077] pci 0000:00:16.2:   bridge window [mem 0xe7100000-0xe71fffff 64bit pref]
Feb  2 09:24:06 cu-cs-vm kernel: [    0.240508] pci 0000:00:16.3: PCI bridge to [bus 0e]
Feb  2 09:24:06 cu-cs-vm kernel: [    0.240738] pci 0000:00:16.3:   bridge window [mem 0xfc700000-0xfc7fffff]
Feb  2 09:24:06 cu-cs-vm kernel: [    0.240789] pci 0000:00:16.3:   bridge window [mem 0xe6d00000-0xe6dfffff 64bit pref]
Feb  2 09:24:06 cu-cs-vm kernel: [    0.241175] pci 0000:00:16.4: PCI bridge to [bus 0f]
